06:15:13 OPEN /
06:15:13 TAP Далее
06:15:13 TAP Да
06:15:14 NET POST /api/onboarding/baseline -> 200 
06:15:14 TAP Продолжить
06:15:15 TAP Далее
06:15:16 TAP Далее
06:15:17 TAP Далее
06:15:18 TAP Далее
06:15:19 SELECT tz Москва
06:15:19 TAP Готово
06:15:19 NET POST /api/onboarding/questionnaire -> 200 
06:15:21 RELOAD
06:15:22 SHOT empty-01-E-home.png
06:15:22 VISIBLE[HOME] Привет, Audit! | Что потренируем сегодня? | Главная | pull_ups | Все › | Подтягивания | Рост числа подтягиваний: объём (блок A) + сила (блок Б) | Своя программа | Соберите комплекс из упражнений и протоколов | Мои тренировки | Соберите свою тренировку из упражнений и протоколов. | Создать тренировку | Занимались вне приложения? | Добавьте активность в историю | Нажмите  на тренировке, чтобы добавить | Готовы заниматься? | Откройте план дня | Тесты | Максимум, вис, вес — результаты и динамика › | Главная | Планы | Журнал | Аналитика | Профиль
06:15:22 TAP Планы
06:15:23 VISIBLE[E-PLANS] Привет, Audit! | Планы | Мои тренировки | Сейчас | Завершённые | Текущий план | Курсов в плане нет. Добавьте курс на Главной. | Выбрать курс на Главной | Главная | Планы | Журнал | Аналитика | Профиль
06:15:23 SHOT empty-02-E-plans.png
06:15:23 TAP Завершённые
06:15:24 VISIBLE[E-PLANS-COMPLETED] Привет, Audit! | Планы | Мои тренировки | Сейчас | Завершённые | Завершённых курсов пока нет. Убранные из плана курсы появятся здесь. | Главная | Планы | Журнал | Аналитика | Профиль
06:15:24 SHOT empty-03-E-plans-completed.png
06:15:24 TAP Мои тренировки (в Планах)
06:15:24 VISIBLE[E-MYWORKOUTS] Привет, Audit! | Мои тренировки | Создать тренировку | У вас пока нет своих тренировок
06:15:25 SHOT empty-04-E-myworkouts.png
06:15:26 OPEN /
06:15:26 TAP Журнал
06:15:27 VISIBLE[E-JOURNAL] Привет, Audit! | Журнал | + Записать | ‹ | Октябрь 2026  | › | В этом месяце тренировок нет | Главная | Планы | Журнал | Аналитика | Профиль
06:15:27 SHOT empty-05-E-journal.png
06:15:27 TAP Аналитика
06:15:28 VISIBLE[E-ANALYTICS] Привет, Audit! | Аналитика | Тренировки | Программа | Тренировки | Минуты | 1 мес | 3 мес | Свой | 0 | Тренировок за 30 дней | 0 | Активных дней за 30 дней | По типам | За выбранный период нет данных. | Тренировки по неделям | 31.08 | 07.09 | 14.09 | 21.09 | 28.09 | 05.10 | Всего тренировок: 0 · 06.09 – 05.10 | Сводка | Тип	Тренировки	Минуты | Итого	0	0 | Смешанная тренировка делится между категориями поровну по блокам; минуты — по длительности тренировки. | Пока нет завершённых тренировок из «Мои тренировки» — показатели по упражнениям появятся после первой. | Экспорт данных — CSV | Вся история тренировок: по строке на подход, открывается в Excel. | Скачать | Главная | Планы | Журнал | Аналитика | Профиль
06:15:28 SHOT empty-06-E-analytics.png
06:15:28 TAP Профиль
06:15:29 VISIBLE[E-PROFILE] Привет, Audit! | Профиль | A | Audit | мужской · 31 год | 0 | Тренировок | 1 | Ачивка › | 50 | Монет | Тренировок пока не было. | ЛИЧНЫЕ ДАННЫЕ | ВЕС | : | 78 кг | РОСТ | : | 180 см | Часовой пояс | : | Москва (UTC+3) | Изменить | ТЕСТЫ | Максимум подтягиваний | Ещё не проходили | Вис на перекладине, сек | Ещё не проходили | Подтягивания с весом, кг | Ещё не проходили | Результаты тестов не влияют на прогрессию и стартовый замер. | АККАУНТ | Подписка | : | пробный период (осталось 14 дн., до 19.10.2026) | Справка | : | Как выбрать резину | Мои резины | : | Переименовать или удалить | Разряд ГТО (подтягивание) | Внеси первую тренировку, чтобы узнать свой разряд ГТО. | Разряд WSF (подтягивания с отягощением) | Внеси тренировку блока Б на отягощении или собственном весе, чтобы узнать свой разряд WSF. | Главная | Планы | Журнал | Аналитика | Профиль
06:15:29 SHOT empty-07-E-profile.png
06:15:39 OPEN /
06:15:39 TAP Все ›
06:15:40 VISIBLE[E-ALL-PROGRAMS] Привет, Audit! | Закрыть | Избранное | Тесты | Общая физическая подготовка | pull_ups | Сбросить | pull_ups | Найдено: 5 | Программы | Подтягивания | Рост числа подтягиваний: объём (блок A) + сила (блок Б) | Упражнения | Факультатив — подтягивания на максимум | pull_ups | Факультатив — подтягивания W | pull_ups | Факультатив — 3 минуты подтягиваний | pull_ups | Факультатив — подтягивания на объём | pull_ups
06:15:40 SHOT empty-01-E-all.png
06:15:42 OPEN /
06:15:42 TAP Своя программа
06:15:43 VISIBLE[E-OWN-PROGRAM] Привет, Audit! | Новая тренировка | НАЗВАНИЕ | Сначала название. Упражнения, подходы и отдых вы настроите на следующем шаге. | Создать и добавить упражнения
06:15:43 SHOT empty-02-E-own-program.png
06:15:43 buttons ["Создать и добавить упражнения"]
06:15:45 OPEN /
06:15:45 TAP Готовы заниматься?
06:15:46 VISIBLE[E-PLAN-OF-DAY] Привет, Audit! | Планы | Мои тренировки | Сейчас | Завершённые | Текущий план | Курсов в плане нет. Добавьте курс на Главной. | Выбрать курс на Главной | Главная | Планы | Журнал | Аналитика | Профиль
06:15:46 SHOT empty-03-E-plan-of-day.png
06:15:46 buttons ["Мои тренировки","Выбрать курс на Главной","Главная","Планы","Журнал","Аналитика","Профиль"]
06:15:48 OPEN /
06:15:48 TAP Тесты
06:15:49 VISIBLE[E-TESTS] Привет, Audit! | Тесты | Максимум подтягиваний | Ещё не проходили | Вис на перекладине, сек | Ещё не проходили | Подтягивания с весом, кг | Ещё не проходили
06:15:49 SHOT empty-04-E-tests.png
06:15:51 OPEN /
06:15:51 TAP search
06:15:52 VISIBLE[E-SEARCH] Привет, Audit! | Закрыть | Избранное | Тесты | Общая физическая подготовка | pull_ups | Найдено: 10 | Тесты | Максимум подтягиваний | Ещё не проходили | Вис на перекладине, сек | Ещё не проходили | Подтягивания с весом, кг | Ещё не проходили | Программы | Подтягивания | Рост числа подтягиваний: объём (блок A) + сила (блок Б) | Упражнения | Факультатив — подтягивания на максимум | pull_ups | Факультатив — подтягивания W | pull_ups | Факультатив — 3 минуты подтягиваний | pull_ups | Факультатив — подтягивания на объём | pull_ups | Планка | Общая физическая подготовка | Отжимания | Общая физическая подготовка
06:15:52 SHOT empty-05-E-search.png
06:15:53 VISIBLE[E-SEARCH-NORESULT] Привет, Audit! | Закрыть | Избранное | Тесты | Общая физическая подготовка | pull_ups | Найдено: 0 | Ничего не найдено
06:15:53 SHOT empty-06-E-search-none.png
06:15:55 OPEN /
06:15:55 TAP Занимались вне
06:15:56 VISIBLE[E-LOG-ACTIVITY] Привет, Audit! | Журнал | + Записать | Тренировку из моих | Другую активность | Отмена | ‹ | Октябрь 2026  | › | В этом месяце тренировок нет
06:15:56 SHOT empty-07-E-log-activity.png
