06:03:49 OPEN /
06:03:49 TAP tab Планы
06:03:50 VISIBLE[Планы S0] Привет, Audit! | Планы | Мои тренировки | Сейчас | Завершённые | Текущий план | Курсов в плане нет. Добавьте курс на Главной. | Выбрать курс на Главной | Главная | Планы | Журнал | Аналитика | Профиль
06:03:50 SHOT j1-01-plans-empty.png
06:03:50 TAP tab Главная
06:03:51 TAP card Подтягивания
06:03:51 VISIBLE[Program detail] Привет, Audit! | PULL_UPS | Подтягивания | Рост числа подтягиваний: объём (блок A) + сила (блок Б) | Повторяющаяся программа (по неделям) | РАСПИСАНИЕ НЕДЕЛИ | База | Блок A — 3 раза в неделю (старт: 10 повт. × 3 подх.) | Блок Б — 3 раза в неделю (старт: 3 повт. × 4 подх.) | Добавить в план
06:03:52 SHOT j1-02-program-detail.png
06:03:52 buttons ["","","Добавить в план"]
06:03:58 OPEN /
06:03:58 TAP card Подтягивания
06:03:59 TAP Добавить в план
06:03:59 NET POST /api/v2/program-inclusions -> 200 
06:03:59 VISIBLE[after add] Привет, Audit! | PULL_UPS | Подтягивания | Рост числа подтягиваний: объём (блок A) + сила (блок Б) | Повторяющаяся программа (по неделям) | РАСПИСАНИЕ НЕДЕЛИ | База | Блок A — 3 раза в неделю (старт: 10 повт. × 3 подх.) | Блок Б — 3 раза в неделю (старт: 3 повт. × 4 подх.) | В плане
06:04:00 SHOT j1-01-after-add.png
06:04:00 buttons ["","","В плане"]
06:04:06 OPEN /
06:04:06 TAP tab Планы
06:04:06 VISIBLE[Планы after add] Привет, Audit! | Планы | Мои тренировки | Сейчас | Завершённые | Текущий план | Подтягивания | На этой неделе: 0 из 3 | ‹ | Неделя 1 · 5 окт – 11 окт | База | › | Текущая неделя · 0 из 3 | СВОБОДНЫЙ ПУЛ | Подтягивания | 0/3 | Начать | + Добавить упражнение | Главная | Планы | Журнал | Аналитика | Профиль
06:04:07 SHOT j1-01-plans-after-add.png
06:04:08 RELOAD
06:04:08 VISIBLE[Планы reload] Привет, Audit! | Что потренируем сегодня? | Главная | pull_ups | Все › | Подтягивания | Рост числа подтягиваний: объём (блок A) + сила (блок Б) | В плане | Своя программа | Соберите комплекс из упражнений и протоколов | Мои тренировки | Соберите свою тренировку из упражнений и протоколов. | Создать тренировку | Занимались вне приложения? | Добавьте активность в историю | Нажмите  на тренировке, чтобы добавить | Готовы заниматься? | Откройте план дня | Тесты | Максимум, вис, вес — результаты и динамика › | Главная | Планы | Журнал | Аналитика | Профиль
06:04:09 SHOT j1-02-plans-after-reload.png
06:04:09 buttons ["Что потренируем сегодня?","","Все ›","Подтягивания\n\nРост числа подтягиваний: объём (блок A) + сила (блок Б)\n\nВ плане","Своя программа\nСоберите комплекс из упражнений и протоколов","Создать тренировку","Занимались вне приложения?\nДобавьте активность в историю","Готовы заниматься?\nОткройте план дня","Тесты\nМаксимум, вис, вес — результаты и динамика ›","Главная","Планы","Журнал","Аналитика","Профиль"]
06:04:17 OPEN /
06:04:17 TAP tab Планы
06:04:18 TAP Начать
06:04:19 VISIBLE[after Начать] ГОТОВЫ К СТАРТУ | Подтягивания | ЦЕЛЬ 1: 10 ПОВТОРЕНИЙ | 3 рабочих подхода · собственный вес | ЦЕЛЬ 2: 3 ПОВТОРЕНИЙ | 4 рабочих подхода · собственный вес | Начать
06:04:19 SHOT j1-01-after-start.png
06:04:19 buttons ["","Начать"]
06:04:19 url http://127.0.0.1:8092/
06:04:27 OPEN /
06:04:27 TAP tab Планы
06:04:27 TAP Начать (plan row)
06:04:28 TAP Начать (pre-session)
06:04:28 NET POST /api/v2/sessions/live -> 200 
06:04:29 VISIBLE[live 1] ЖИВАЯ ТРЕНИРОВКА | Подтягивания | Завершить | 1 / 3 | ПОДХОД | 10 | ПОВТ | Подход 1/3 · Цель: 10 повт. | 3×10 | ПРИГОТОВЬСЯ | 0:05 | Готов | Пауза
06:04:29 SHOT j1-01-live-1.png
06:04:29 buttons ["Завершить","Готов","","Пауза"]
06:04:29 inputs []
06:04:37 OPEN /
06:04:37 VISIBLE[home reopen (live in progress?)] ЖИВАЯ ТРЕНИРОВКА | Подтягивания | Завершить | 1 / 3 | ПОДХОД | 10 | ПОВТ | Подход 1/3 · Цель: 10 повт. | 3×10 | ПРИГОТОВЬСЯ | 0:00 | Готов | Пауза
06:04:43 OPEN /
06:04:43 TAP Готов
06:04:43 NET POST /api/v2/sessions/live/1/phase/next -> 200 
06:04:44 VISIBLE[after Готов] ЖИВАЯ ТРЕНИРОВКА | Подтягивания | Завершить | 1 / 3 | ПОДХОД | 10 | ПОВТ | Подход 1/3 · Цель: 10 повт. | ПОШЁЛ | 10 повт. | ВНЕСТИ ПОДХОД | Повторений | Цель: 10 повт. | Оценка и заметка | Готово
06:04:44 SHOT j1-01-after-gotov.png
06:04:44 buttons ["Завершить","Оценка и заметка","Готово",""]
06:04:44 inputs ["Повторений|text|"]
06:04:51 OPEN /
06:04:51 VISIBLE[resume] ЖИВАЯ ТРЕНИРОВКА | Подтягивания | Завершить | 1 / 3 | ПОДХОД | 10 | ПОВТ | Подход 1/3 · Цель: 10 повт. | ПОШЁЛ | 10 повт. | ВНЕСТИ ПОДХОД | Повторений | Цель: 10 повт. | Оценка и заметка | Готово
06:04:51 TAP Готово set1 reps=8
06:04:51 NET POST /api/v2/sessions/live/1/phase/next -> 200 
06:04:51 NET POST /api/v2/sessions/live/1/sets:batch -> 200 
06:04:52 VISIBLE[after set1] ЖИВАЯ ТРЕНИРОВКА | Подтягивания | Завершить | 1 / 3 | ПОДХОД | 10 | ПОВТ | Подход 1/3 · Цель: 10 повт. | ОТДЫХ | 1:30 | Подход 1: 8 повт. |  Изменить | Пропустить отдых | Пауза
06:04:52 SHOT j1-01-after-set1.png
06:04:52 buttons ["Завершить"," Изменить","Пропустить отдых","","Пауза"]
06:04:52 CONSOLE warning The AudioContext was not allowed to start. It must be resumed (or created) after a user gesture on the page. https://developer.chrome.com/blog/autoplay/#web_audio
06:04:52 CONSOLE warning The AudioContext was not allowed to start. It must be resumed (or created) after a user gesture on the page. https://developer.chrome.com/blog/autoplay/#web_audio
06:04:54 RELOAD
06:04:54 VISIBLE[reload after set1] ЖИВАЯ ТРЕНИРОВКА | Подтягивания | Завершить | 1 / 3 | ПОДХОД | 10 | ПОВТ | Подход 1/3 · Цель: 10 повт. | ОТДЫХ | 1:28 | Подход 1: 8 повт. |  Изменить | Пропустить отдых | Пауза
06:05:00 CONSOLE warning The AudioContext was not allowed to start. It must be resumed (or created) after a user gesture on the page. https://developer.chrome.com/blog/autoplay/#web_audio
06:05:00 CONSOLE warning The AudioContext was not allowed to start. It must be resumed (or created) after a user gesture on the page. https://developer.chrome.com/blog/autoplay/#web_audio
06:05:02 OPEN /
06:05:02 VISIBLE[loop0] ЖИВАЯ ТРЕНИРОВКА | Подтягивания | Завершить | 1 / 3 | ПОДХОД | 10 | ПОВТ | Подход 1/3 · Цель: 10 повт. | ОТДЫХ | 1:19 | Пропустить отдых | Пауза
06:05:02 TAP Пропустить отдых
06:05:02 NET POST /api/v2/sessions/live/1/phase/next -> 200 
06:05:03 VISIBLE[loop1] ЖИВАЯ ТРЕНИРОВКА | Подтягивания | Завершить | 2 / 3 | ПОДХОД | 10 | ПОВТ | Подход 2/3 · Цель: 10 повт. | 3×10 | ПРИГОТОВЬСЯ | 0:05 | Готов | Пауза
06:05:03 TAP Готов
06:05:03 NET POST /api/v2/sessions/live/1/phase/next -> 200 
06:05:04 VISIBLE[loop2] ЖИВАЯ ТРЕНИРОВКА | Подтягивания | Завершить | 2 / 3 | ПОДХОД | 10 | ПОВТ | Подход 2/3 · Цель: 10 повт. | ПОШЁЛ | 10 повт. | ВНЕСТИ ПОДХОД | Повторений | Цель: 10 повт. | Оценка и заметка | Готово
06:05:04 TAP Готово reps=8
06:05:04 NET POST /api/v2/sessions/live/1/phase/next -> 200 
06:05:04 NET POST /api/v2/sessions/live/1/sets:batch -> 200 
06:05:05 VISIBLE[loop3] ЖИВАЯ ТРЕНИРОВКА | Подтягивания | Завершить | 2 / 3 | ПОДХОД | 10 | ПОВТ | Подход 2/3 · Цель: 10 повт. | ОТДЫХ | 1:30 | Подход 2: 8 повт. |  Изменить | Пропустить отдых | Пауза
06:05:05 TAP Пропустить отдых
06:05:05 NET POST /api/v2/sessions/live/1/phase/next -> 200 
06:05:06 VISIBLE[loop4] ЖИВАЯ ТРЕНИРОВКА | Подтягивания | Завершить | 3 / 3 | ПОДХОД | 10 | ПОВТ | Подход 3/3 · Цель: 10 повт. | 3×10 | ПРИГОТОВЬСЯ | 0:04 | Подход 2: 8 повт. |  Изменить | Готов | Пауза
06:05:06 TAP Готов
06:05:06 NET POST /api/v2/sessions/live/1/phase/next -> 200 
06:05:06 VISIBLE[loop5] ЖИВАЯ ТРЕНИРОВКА | Подтягивания | Завершить | 3 / 3 | ПОДХОД | 10 | ПОВТ | Подход 3/3 · Цель: 10 повт. | ПОШЁЛ | 10 повт. | ВНЕСТИ ПОДХОД | Повторений | Цель: 10 повт. | Оценка и заметка | Готово
06:05:06 TAP Готово reps=7
06:05:06 NET POST /api/v2/sessions/live/1/phase/next -> 200 
06:05:07 NET POST /api/v2/sessions/live/1/sets:batch -> 200 
06:05:07 VISIBLE[loop6] ЖИВАЯ ТРЕНИРОВКА | Подтягивания | Завершить | 1 / 1 | ПОДХОД | 3 | ПОВТ | Подход 1/1 · Цель: 3 повт. | 1×3 | ПРИГОТОВЬСЯ | 0:05 | Готов | Пауза
06:05:07 TAP Готов
06:05:07 NET POST /api/v2/sessions/live/1/phase/next -> 200 
06:05:08 VISIBLE[loop7] ЖИВАЯ ТРЕНИРОВКА | Подтягивания | Завершить | 1 / 1 | ПОДХОД | 3 | ПОВТ | Подход 1/1 · Цель: 3 повт. | ПОШЁЛ | 3 повт. | ВНЕСТИ ПОДХОД | Повторений | Цель: 3 повт. | Оценка и заметка | Готово
06:05:08 TAP Готово reps=3
06:05:08 NET POST /api/v2/sessions/live/1/phase/next -> 200 
06:05:08 NET POST /api/v2/sessions/live/1/sets:batch -> 200 
06:05:09 VISIBLE[loop8] ЖИВАЯ ТРЕНИРОВКА | Подтягивания | ГОТОВО | Все подходы плана выполнены — можно завершить сессию. | Завершить | + Ещё подход
06:05:09 SHOT j1-01-stuck8.png
06:05:09 buttons ["Завершить","","+ Ещё подход"]
06:05:24 OPEN /
06:05:24 VISIBLE[resume ready-to-finish] ЖИВАЯ ТРЕНИРОВКА | Подтягивания | ГОТОВО | Все подходы плана выполнены — можно завершить сессию. | Завершить | + Ещё подход
06:05:24 TAP Завершить
06:05:24 VISIBLE[after finish] ЖИВАЯ ТРЕНИРОВКА | Подтягивания | ГОТОВО | Все подходы плана выполнены — можно завершить сессию. | Как прошла тренировка? | Что сделано — зачтено, остальное останется в плане. | 1 | Очень легко | 2 | Легко | 3 | Средне | 4 | Тяжело | 5 | Предел | Заметка | Сохранить и завершить | Назад
06:05:25 SHOT j1-01-after-finish.png
06:05:25 buttons ["1\nОчень легко","2\nЛегко","3\nСредне","4\nТяжело","5\nПредел","Сохранить и завершить","Назад"]
06:05:31 OPEN /
06:05:31 TAP Завершить
06:05:32 TAP RPE 3
06:05:32 TAP Сохранить и завершить
06:05:33 NET POST /api/v2/sessions/live/1/complete -> 200 
06:05:33 VISIBLE[summary] Тренировка завершена | Подтягивания | 4 | Подходов | 2 | Упражнений | — 3/3 | , выполнено | Подход 1: 8 повт. | Подход 2: 8 повт. | Подход 3: 7 повт. | — 1/1 | , выполнено | Подход 1: 3 повт. | Новая цель | 10 → 10 | 3 → 3 | Закрыть
06:05:33 SHOT j1-01-summary.png
06:05:33 buttons ["Закрыть"]
06:05:35 RELOAD
06:05:35 VISIBLE[after reload summary] Привет, Audit! | Что потренируем сегодня? | Главная | pull_ups | Все › | Подтягивания | Рост числа подтягиваний: объём (блок A) + сила (блок Б) | В плане | Своя программа | Соберите комплекс из упражнений и протоколов | Мои тренировки | Соберите свою тренировку из упражнений и протоколов. | Создать тренировку | Занимались вне приложения? | Добавьте активность в историю | Нажмите  на тренировке, чтобы добавить | Готовы заниматься? | Откройте план дня | Тесты | Максимум, вис, вес — результаты и динамика › | Главная | Планы | Журнал | Аналитика | Профиль
06:05:35 SHOT j1-02-summary-reload.png
06:05:44 OPEN /
06:05:44 TAP tab Журнал
06:05:45 VISIBLE[Журнал] Привет, Audit! | Журнал | + Записать | ‹ | Октябрь 2026  | › | 5–11 ОКТ. | Пн, 5 октября | По плану | Подтягивания | 09:04 | Подходы | 4 | Повторы | 26 | Усилие | 3 | Главная | Планы | Журнал | Аналитика | Профиль
06:05:45 SHOT j1-01-journal.png
06:05:45 TAP tab Аналитика
06:05:46 VISIBLE[Аналитика] Привет, Audit! | Аналитика | Тренировки | Программа | Тренировки | Минуты | 1 мес | 3 мес | Свой | 1 | Тренировок за 30 дней | 1 | Активных дней за 30 дней | По типам | 1 | всего | pull_ups | 1 · 100% | Тренировки по неделям | 31.08 | 07.09 | 14.09 | 21.09 | 28.09 | 1 | 05.10 | Всего тренировок: 1 · 06.09 – 05.10 | Сводка | Тип	Тренировки	Минуты | pull_ups	1	1 | block_a	0.5	1 | block_b	0.5	1 | Итого	1	1 | Показать все (+5) | Смешанная тренировка делится между категориями поровну по блокам; минуты — по длительности тренировки. | Пока нет завершённых тренировок из «Мои тренировки» — показатели по упражнениям появятся после первой. | Экспорт данных — CSV | Вся история тренировок: по строке на подход, открывается в Excel. | Скачать | Главная | Планы | Журнал | Аналитика | Профиль
06:05:46 SHOT j1-02-analytics.png
06:05:46 TAP tab Планы
06:05:47 VISIBLE[Планы] Привет, Audit! | Планы | Мои тренировки | Сейчас | Завершённые | Текущий план | Подтягивания | На этой неделе: 1 из 3 | ‹ | Неделя 1 · 5 окт – 11 окт | База | › | Текущая неделя · 1 из 3 | СВОБОДНЫЙ ПУЛ | Подтягивания | 1/3 | Начать | + Добавить упражнение | Главная | Планы | Журнал | Аналитика | Профиль
06:05:47 SHOT j1-03-plans-after-complete.png
06:05:55 OPEN /
06:05:57 OPEN /
06:05:57 NEW CONTEXT same initData id
06:05:57 TAP tab Журнал
06:05:58 VISIBLE[Журнал new ctx] Привет, Audit! | Журнал | + Записать | ‹ | Октябрь 2026  | › | 5–11 ОКТ. | Пн, 5 октября | По плану | Подтягивания | 09:04 | Подходы | 4 | Повторы | 26 | Усилие | 3 | Главная | Планы | Журнал | Аналитика | Профиль
06:05:58 TAP open journal entry
06:05:59 VISIBLE[entry] Привет, Audit! | Журнал | + Записать | Подтягивания | 09:04 | Открыть | Отмена | ‹ | Октябрь 2026  | › | 5–11 ОКТ. | Пн, 5 октября | По плану | Подтягивания | 09:04 | Подходы | 4 | Повторы | 26 | Усилие | 3 | Главная | Планы | Журнал | Аналитика | Профиль
06:05:59 SHOT j1-01-journal-entry.png
06:05:59 buttons ["+ Записать","Открыть","Отмена","‹","Октябрь 2026 ","›","По плану\nПодтягивания\n09:04\n\nПодходы\n4\nПовторы\n26\nУсилие\n3","Главная","Планы","Журнал","Аналитика","Профиль"]
