06:06:06 OPEN /
06:06:06 TAP Далее
06:06:07 TAP Да
06:06:07 NET POST /api/onboarding/baseline -> 200 
06:06:08 TAP Продолжить
06:06:08 TAP Далее
06:06:09 TAP Далее
06:06:10 TAP Далее
06:06:11 TAP Далее
06:06:12 SELECT tz Москва
06:06:12 TAP Готово
06:06:12 NET POST /api/onboarding/questionnaire -> 200 
06:06:15 RELOAD
06:06:15 TAP Создать тренировку
06:06:15 VISIBLE[editor S0] Привет, Audit! | Новая тренировка | НАЗВАНИЕ | Сначала название. Упражнения, подходы и отдых вы настроите на следующем шаге. | Создать и добавить упражнения
06:06:16 SHOT j2-01-editor-empty.png
06:06:16 buttons ["Создать и добавить упражнения"]
06:06:16 inputs ["null|text|Например, 3 минуты подтягиваний"]
06:06:21 OPEN /
06:06:21 TAP Создать тренировку
06:06:22 TAP Создать и добавить упражнения
06:06:22 NET POST /api/v2/workouts -> 200 
06:06:23 VISIBLE[after create] Привет, Audit! | Редактировать тренировку | НАЗВАНИЕ | УПРАЖНЕНИЯ | Пока пусто. Добавьте первое упражнение и настройте, как его выполнять. | + Добавить упражнение | Добавить в план | Дублировать | Сохранить | Удалить тренировку
06:06:23 SHOT j2-01-after-create.png
06:06:23 buttons ["+ Добавить упражнение","Добавить в план","Дублировать","Сохранить","Удалить тренировку"]
06:06:44 OPEN /
06:06:44 TAP open workout
06:06:45 TAP Изменить
06:06:46 TAP + Добавить упражнение
06:06:47 VISIBLE[picker] Привет, Audit! | Добавить упражнение | Выберите упражнение — на следующем шаге настроите подходы и отдых. Нет нужного? Введите название, и появится «Создать своё». | Факультатив — подтягивания на максимум | › | Факультатив — подтягивания W | › | Факультатив — 3 минуты подтягиваний | › | Факультатив — подтягивания на объём | › | Планка | › | Отжимания | ›
06:06:47 SHOT j2-01-picker.png
06:06:47 buttons [""]
06:06:47 inputs ["Поиск упражнения|search|Поиск упражнения"]
06:06:55 OPEN /
06:06:55 TAP open workout
06:06:55 TAP Изменить
06:06:56 TAP + Добавить упражнение
06:06:58 VISIBLE[search подтягивания] Привет, Audit! | Добавить упражнение | Выберите упражнение — на следующем шаге настроите подходы и отдых. Нет нужного? Введите название, и появится «Создать своё». | Факультатив — подтягивания на максимум | › | Факультатив — подтягивания W | › | Факультатив — подтягивания на объём | › | Создать своё: «подтягивания» | +
06:07:00 VISIBLE[search Австралийские] Привет, Audit! | Добавить упражнение | Выберите упражнение — на следующем шаге настроите подходы и отдых. Нет нужного? Введите название, и появится «Создать своё». | Ничего не найдено | Создать своё: «Австралийские подтягивания» | +
06:07:00 SHOT j2-01-search-aus.png
06:07:00 buttons ["","Создать своё: «Австралийские подтягивания»\n+"]
06:07:07 OPEN /
06:07:07 TAP open workout
06:07:08 TAP Изменить
06:07:09 TAP + Добавить упражнение
06:07:11 TAP Создать своё
06:07:11 NET POST /api/v2/exercises -> 200 
06:07:12 VISIBLE[after create-own] Привет, Audit! | УПРАЖНЕНИЕ | Австралийские подтягивания | ТИП РАБОТЫ | Повторения | Несколько подходов с заданным количеством повторений | Время | Несколько подходов на время | Максимум | Несколько попыток на максимум | Интервалы | Работа и отдых по таймеру | ПАРАМЕТРЫ | Подходы | Сколько раз повторить | − | + | Повторения в подходе | Одинаково в каждом подходе | − | + | Отдых между подходами | − | + | мин:сек | ТАК БУДЕТ В ТРЕНИРОВКЕ | 3 × 10 повторений | Отдых между подходами 1:00 | Добавить | Отмена
06:07:12 SHOT j2-01-after-create-own.png
06:07:12 buttons ["−","+","−","+","−","+","Добавить","Отмена"]
06:07:12 inputs ["Подходы|text||3","Повторения в подходе|text||10","Отдых между подходами|text||01:00"]
06:07:29 OPEN /
06:07:29 TAP open workout
06:07:30 TAP Изменить
06:07:31 TAP + Добавить упражнение
06:07:33 VISIBLE[search after create-own (exists in library now?)] Привет, Audit! | Добавить упражнение | Выберите упражнение — на следующем шаге настроите подходы и отдых. Нет нужного? Введите название, и появится «Создать своё». | Австралийские подтягивания | ›
06:07:33 TAP pick existing own exercise
06:07:34 VISIBLE[protocol] Привет, Audit! | УПРАЖНЕНИЕ | Австралийские подтягивания | ТИП РАБОТЫ | Повторения | Несколько подходов с заданным количеством повторений | Время | Несколько подходов на время | Максимум | Несколько попыток на максимум | Интервалы | Работа и отдых по таймеру | ПАРАМЕТРЫ | Подходы | Сколько раз повторить | − | + | Повторения в подходе | Одинаково в каждом подходе | − | + | Отдых между подходами | − | + | мин:сек | ТАК БУДЕТ В ТРЕНИРОВКЕ | 3 × 10 повторений | Отдых между подходами 1:00 | Добавить | Отмена
06:07:34 TAP Добавить
06:07:34 NET POST /api/v2/workouts/1/items -> 200 
06:07:35 VISIBLE[editor w/ ex] Привет, Audit! | Редактировать тренировку | НАЗВАНИЕ | УПРАЖНЕНИЯ · 1 | Австралийские подтягивания | ПОВТОРЕНИЯ | 3 × 8 повторений | Отдых между подходами 1:00 | Изменить › | ↑ | ↓ | Удалить | + Добавить упражнение | Добавить в план | Дублировать | Сохранить | Удалить тренировку
06:07:35 SHOT j2-01-editor-with-ex.png
06:07:35 TAP Сохранить
06:07:35 NET PATCH /api/v2/workouts/1 -> 200 
06:07:36 VISIBLE[after save] Привет, Audit! | Моя тренировка спины | Своя тренировка | 1 упражнение | Начать | Записать | Добавить в план | Изменить | Упражнения | Австралийские подтягивания | 3 × 8 повторений · отдых 1:00 | История | Вы ещё не выполняли эту тренировку
06:07:36 SHOT j2-02-after-save.png
06:07:38 RELOAD
06:07:38 VISIBLE[after reload] Привет, Audit! | Что потренируем сегодня? | Главная | pull_ups | Все › | Подтягивания | Рост числа подтягиваний: объём (блок A) + сила (блок Б) | Своя программа | Соберите комплекс из упражнений и протоколов | Мои тренировки | Создать | Моя тренировка спины | 1 упражнение · 3 × 8 | Австралийские подтягивания | Занимались вне приложения? | Добавьте активность в историю | Нажмите  на тренировке, чтобы добавить | Готовы заниматься? | Откройте план дня | Тесты | Максимум, вис, вес — результаты и динамика › | Главная | Планы | Журнал | Аналитика | Профиль
06:07:48 OPEN /
06:07:48 TAP open workout
06:07:49 TAP Начать
06:07:49 VISIBLE[after Начать] ГОТОВЫ К СТАРТУ | Моя тренировка спины | 1 упражнение | Австралийские подтягивания | 3 × 8 повторений | Начать
06:07:49 SHOT j2-01-after-start.png
06:07:50 VISIBLE[UNRECOGNISED live state] ГОТОВЫ К СТАРТУ | Моя тренировка спины | 1 упражнение | Австралийские подтягивания | 3 × 8 повторений | Начать
06:07:50 SHOT j2-02-live-unrecognised.png
06:07:50 RESULT stuck
06:07:50 SHOT j2-03-end.png
06:07:57 OPEN /
06:07:57 TAP open workout
06:07:58 TAP Начать
06:07:59 TAP Начать (pre-session)
06:07:59 NET POST /api/v2/sessions/live -> 200 
06:08:00 TAP Готов
06:08:01 NET POST /api/v2/sessions/live/2/phase/next -> 200 
06:08:02 TAP Готово reps=8
06:08:02 NET POST /api/v2/sessions/live/2/phase/next -> 200 
06:08:02 NET POST /api/v2/sessions/live/2/sets:batch -> 200 
06:08:03 TAP Пропустить отдых
06:08:03 NET POST /api/v2/sessions/live/2/phase/next -> 200 
06:08:04 TAP Готов
06:08:04 NET POST /api/v2/sessions/live/2/phase/next -> 200 
06:08:05 TAP Готово reps=7
06:08:05 NET POST /api/v2/sessions/live/2/phase/next -> 200 
06:08:05 NET POST /api/v2/sessions/live/2/sets:batch -> 200 
06:08:06 TAP Пропустить отдых
06:08:06 NET POST /api/v2/sessions/live/2/phase/next -> 200 
06:08:07 TAP Готов
06:08:07 NET POST /api/v2/sessions/live/2/phase/next -> 200 
06:08:09 TAP Готово reps=6
06:08:09 NET POST /api/v2/sessions/live/2/phase/next -> 200 
06:08:09 NET POST /api/v2/sessions/live/2/sets:batch -> 200 
06:08:10 TAP Завершить
06:08:11 TAP RPE
06:08:12 TAP Сохранить и завершить
06:08:12 NET POST /api/v2/sessions/live/2/complete -> 200 
06:08:13 VISIBLE[SUMMARY] Тренировка завершена | Моя тренировка спины | 3 | Подходов | 1 | Упражнение | Австралийские подтягивания — 3/3 | , выполнено | Подход 1: 8 повт. | Подход 2: 7 повт. | Подход 3: 6 повт. | Закрыть
06:08:13 RESULT summary
06:08:13 SHOT j2-01-summary.png
06:08:13 TAP Закрыть
06:08:14 VISIBLE[after Закрыть] Привет, Audit! | Что потренируем сегодня? | Главная | pull_ups | Все › | Подтягивания | Рост числа подтягиваний: объём (блок A) + сила (блок Б) | Своя программа | Соберите комплекс из упражнений и протоколов | Мои тренировки | Создать | Моя тренировка спины | 1 упражнение · 3 × 8 | Австралийские подтягивания | Занимались вне приложения? | Добавьте активность в историю | Нажмите  на тренировке, чтобы добавить | Готовы заниматься? | Откройте план дня | Тесты | Максимум, вис, вес — результаты и динамика › | Главная | Планы | Журнал | Аналитика | Профиль
06:08:14 SHOT j2-02-after-close.png
06:08:14 TAP tab Журнал
06:08:15 VISIBLE[Журнал] Привет, Audit! | Журнал | + Записать | ‹ | Октябрь 2026  | › | 5–11 ОКТ. | Пн, 5 октября | Свободная | Моя тренировка спины | 09:07 | Подходы | 3 | Повторы | 21 | Усилие | 3 | Главная | Планы | Журнал | Аналитика | Профиль
06:08:15 TAP tab Аналитика
06:08:16 VISIBLE[Аналитика] Привет, Audit! | Аналитика | Тренировки | Программа | Тренировки | Минуты | 1 мес | 3 мес | Свой | 1 | Тренировок за 30 дней | 1 | Активных дней за 30 дней | По типам | 1 | всего | user | 1 · 100% | Тренировки по неделям | 31.08 | 07.09 | 14.09 | 21.09 | 28.09 | 1 | 05.10 | Всего тренировок: 1 · 06.09 – 05.10 | Сводка | Тип	Тренировки	Минуты | user	1	0 | Итого	1	0 | Показать все (+8) | Смешанная тренировка делится между категориями поровну по блокам; минуты — по длительности тренировки. | Упражнение | Австралийские подтягивания | Повторения | 21 | Всего повторений | 3 | Подходов | 8 | Лучший подход | Повторений по тренировкам | Для графика нужно хотя бы две записи. | Экспорт данных — CSV | Вся история тренировок: по строке на подход, открывается в Excel. | Скачать | Главная | Планы | Журнал | Аналитика | Профиль
06:08:16 SHOT j2-03-analytics.png
06:08:18 RELOAD
06:08:18 TAP tab Журнал
06:08:19 VISIBLE[Журнал after reload] Привет, Audit! | Журнал | + Записать | ‹ | Октябрь 2026  | › | 5–11 ОКТ. | Пн, 5 октября | Свободная | Моя тренировка спины | 09:07 | Подходы | 3 | Повторы | 21 | Усилие | 3 | Главная | Планы | Журнал | Аналитика | Профиль
06:08:25 OPEN /
06:08:25 TAP open workout
06:08:26 VISIBLE[detail after 1 run] Привет, Audit! | Моя тренировка спины | Своя тренировка | 1 упражнение | Начать | Записать | Добавить в план | Изменить | Упражнения | Австралийские подтягивания | 3 × 8 повторений · отдых 1:00 | История | 05.10.2026 | 1 упражнение · 3 подхода
06:08:26 TAP Добавить в план
06:08:27 VISIBLE[add-to-plan] Привет, Audit! | Добавить в план | Моя тренировка спины | ДЕНЬ | Пн | Вт | Ср | Чт | Пт | Сб | Вс | Свободный пул | Добавить
06:08:27 SHOT j2-01-add-to-plan.png
06:08:27 buttons ["Пн","Вт","Ср","Чт","Пт","Сб","Вс","Свободный пул","Добавить"]
06:08:34 OPEN /
06:08:34 TAP open workout
06:08:35 TAP Добавить в план
06:08:35 TAP Ср
06:08:36 TAP Добавить
06:08:36 NET POST /api/v2/plan-items -> 200 
06:08:37 VISIBLE[after add] Привет, Audit! | Планы | Мои тренировки | Сейчас | Завершённые | Текущий план | Курсов в плане нет. Добавьте курс на Главной. | Выбрать курс на Главной | ‹ | Неделя 1 · 5 окт – 11 окт | База | › | Текущая неделя · 0 из 0 | На эту неделю пока ничего не запланировано. | + Добавить упражнение | Главная | Планы | Журнал | Аналитика | Профиль
06:08:37 SHOT j2-01-after-add.png
06:08:37 buttons ["Мои тренировки","","Выбрать курс на Главной","‹","›","+ Добавить упражнение","Главная","Планы","Журнал","Аналитика","Профиль"]
06:08:39 RELOAD
06:08:39 TAP tab Планы
06:08:40 VISIBLE[Планы] Привет, Audit! | Планы | Мои тренировки | Сейчас | Завершённые | Текущий план | Курсов в плане нет. Добавьте курс на Главной. | Выбрать курс на Главной | ‹ | Неделя 1 · 5 окт – 11 окт | База | › | Текущая неделя · 0 из 0 | На эту неделю пока ничего не запланировано. | + Добавить упражнение | Главная | Планы | Журнал | Аналитика | Профиль
06:08:40 SHOT j2-02-plans.png
06:08:53 OPEN /
06:08:53 TAP tab Планы
06:08:54 API GET /api/v2/plan {"plan":{"id":2,"created_at":"2026-10-05T06:08:36.864506Z","program_inclusions":[],"plan_items":[{"id":3,"exercise_id":9,"complex_id":1,"count_per_week":1,"day_of_week":2,"week_phase":null,"program_inclusion_id":null,"plan_week_id":null,"complex_name":"Моя тренировка спины","complex_source_type":"user","done_count":0}],"plan_weeks":[{"id":2,"week_number":1,"start_date":"2026-10-05","phase":"base"}],"current_week_id":2,"today":"2026-10-05"}}
06:08:54 API GET /api/v2/plan {"plan":{"id":2,"created_at":"2026-10-05T06:08:36.864506Z","program_inclusions":[],"plan_items":[{"id":3,"exercise_id":9,"complex_id":1,"count_per_week":1,"day_of_week":2,"week_phase":null,"program_inclusion_id":null,"plan_week_id":null,"complex_name":"Моя тренировка спины","complex_source_type":"user","done_count":0}],"plan_weeks":[{"id":2,"week_number":1,"start_date":"2026-10-05","phase":"base"}],"current_week_id":2,"today":"2026-10-05"}}
06:09:07 OPEN /
06:09:07 TAP open workout
06:09:07 TAP Добавить в план
06:09:08 TAP Ср
06:09:09 TAP Добавить (2nd, plan now exists)
06:09:09 NET POST /api/v2/plan-items -> 200 
06:09:10 VISIBLE[after add 2] Привет, Audit! | Планы | Мои тренировки | Сейчас | Завершённые | Текущий план | Курсов в плане нет. Добавьте курс на Главной. | Выбрать курс на Главной | ‹ | Неделя 1 · 5 окт – 11 окт | База | › | Текущая неделя · 0 из 1 | СРЕДА | Моя тренировка спины | 0/1 | Начать | + Добавить упражнение | Главная | Планы | Журнал | Аналитика | Профиль
06:09:10 SHOT j2-01-after-add2.png
06:09:12 RELOAD
06:09:12 TAP tab Планы
06:09:13 VISIBLE[Планы] Привет, Audit! | Планы | Мои тренировки | Сейчас | Завершённые | Текущий план | Курсов в плане нет. Добавьте курс на Главной. | Выбрать курс на Главной | ‹ | Неделя 1 · 5 окт – 11 окт | База | › | Текущая неделя · 0 из 1 | СРЕДА | Моя тренировка спины | 0/1 | Начать | + Добавить упражнение | Главная | Планы | Журнал | Аналитика | Профиль
06:09:13 SHOT j2-02-plans2.png
06:09:20 OPEN /
06:09:20 TAP tab Планы
06:09:21 TAP Начать (plan row)
06:09:22 TAP Начать (pre-session)
06:09:22 NET POST /api/v2/sessions/live -> 200 
06:09:23 TAP Готов
06:09:23 NET POST /api/v2/sessions/live/3/phase/next -> 200 
06:09:24 TAP Готово reps=9
06:09:24 NET POST /api/v2/sessions/live/3/phase/next -> 200 
06:09:25 NET POST /api/v2/sessions/live/3/sets:batch -> 200 
06:09:26 TAP Пропустить отдых
06:09:26 NET POST /api/v2/sessions/live/3/phase/next -> 200 
06:09:27 TAP Готов
06:09:27 NET POST /api/v2/sessions/live/3/phase/next -> 200 
06:09:28 TAP Готово reps=8
06:09:28 NET POST /api/v2/sessions/live/3/phase/next -> 200 
06:09:28 NET POST /api/v2/sessions/live/3/sets:batch -> 200 
06:09:29 TAP Пропустить отдых
06:09:29 NET POST /api/v2/sessions/live/3/phase/next -> 200 
06:09:30 TAP Готов
06:09:30 NET POST /api/v2/sessions/live/3/phase/next -> 200 
06:09:31 TAP Готово reps=7
06:09:31 NET POST /api/v2/sessions/live/3/phase/next -> 200 
06:09:31 NET POST /api/v2/sessions/live/3/sets:batch -> 200 
06:09:32 TAP Завершить
06:09:34 TAP RPE
06:09:34 TAP Сохранить и завершить
06:09:35 NET POST /api/v2/sessions/live/3/complete -> 200 
06:09:36 VISIBLE[SUMMARY] Тренировка завершена | Моя тренировка спины | 3 | Подходов | 1 | Упражнение | Австралийские подтягивания — 3/3 | , выполнено | Подход 1: 9 повт. | Подход 2: 8 повт. | Подход 3: 7 повт. | Прогрессия не пересчитана — нет активного курса со ступенчатой стратегией для этих упражнений. | Закрыть
06:09:36 RESULT summary
06:09:36 SHOT j2-01-summary.png
06:09:36 TAP Закрыть
06:09:37 TAP tab Планы
06:09:37 VISIBLE[Планы after plan-run] Привет, Audit! | Планы | Мои тренировки | Сейчас | Завершённые | Текущий план | Курсов в плане нет. Добавьте курс на Главной. | Выбрать курс на Главной | ‹ | Неделя 1 · 5 окт – 11 окт | База | › | Текущая неделя · 1 из 1 | СРЕДА | Моя тренировка спины | 1/1 | Ещё раз | + Добавить упражнение | Главная | Планы | Журнал | Аналитика | Профиль
06:09:37 SHOT j2-02-plans-after.png
06:09:37 TAP tab Журнал
06:09:38 VISIBLE[Журнал] Привет, Audit! | Журнал | + Записать | ‹ | Октябрь 2026  | › | 5–11 ОКТ. | Пн, 5 октября | По плану | Моя тренировка спины | 09:09 | Подходы | 3 | Повторы | 24 | Усилие | 3 | Свободная | Моя тренировка спины | 09:07 | Подходы | 3 | Повторы | 21 | Усилие | 3 | Главная | Планы | Журнал | Аналитика | Профиль
