06:10:33 OPEN /
06:10:33 TAP tab Планы
06:10:34 aria ["null|Мои тренировки","null|Сейчас","null|Завершённые","Действия: Текущий план|","Действия: Подтягивания|","Предыдущая неделя|‹","Следующая неделя|›","Начать: Подтягивания, без дня|Начать","null|+ Добавить упражнени","null|Главная","null|Планы","null|Журнал","null|Аналитика","null|Профиль"]
06:10:34 TAP next week
06:10:34 NET POST /api/v2/plan/weeks -> 200 
06:10:34 VISIBLE[next week] Привет, Audit! | Планы | Мои тренировки | Сейчас | Завершённые | Текущий план | Подтягивания | На этой неделе: 1 из 3 | ‹ | Неделя 2 · 12 окт – 18 окт | База | › | 0 из 0 | На эту неделю пока ничего не запланировано. | + Добавить упражнение | Главная | Планы | Журнал | Аналитика | Профиль
06:10:34 SHOT j4-01-next-week.png
06:10:34 buttons ["Мои тренировки","","","‹","›","+ Добавить упражнение","Главная","Планы","Журнал","Аналитика","Профиль"]
06:10:36 RELOAD
06:10:36 TAP tab Планы
06:10:37 VISIBLE[after reload (week selection persisted?)] Привет, Audit! | Планы | Мои тренировки | Сейчас | Завершённые | Текущий план | Подтягивания | На этой неделе: 1 из 3 | ‹ | Неделя 1 · 5 окт – 11 окт | База | › | Текущая неделя · 1 из 3 | СВОБОДНЫЙ ПУЛ | Подтягивания | 1/3 | Начать | + Добавить упражнение | Главная | Планы | Журнал | Аналитика | Профиль
06:10:45 OPEN /
06:10:45 TAP tab Планы
06:10:46 TAP menu Текущий план
06:10:47 VISIBLE[menu plan] Привет, Audit! | Планы | Мои тренировки | Сейчас | Завершённые | Текущий план | Подтягивания | На этой неделе: 1 из 3 | ‹ | Неделя 1 · 5 окт – 11 окт | База | › | Текущая неделя · 1 из 3 | СВОБОДНЫЙ ПУЛ | Подтягивания | 1/3 | Начать | + Добавить упражнение | Текущий план | Скопировать неделю 1 → 2 | Отмена | Главная | Планы | Журнал | Аналитика | Профиль
06:10:47 SHOT j4-01-menu-plan.png
06:10:49 RELOAD
06:10:49 TAP tab Планы
06:10:50 TAP menu program
06:10:50 VISIBLE[menu program] Привет, Audit! | Планы | Мои тренировки | Сейчас | Завершённые | Текущий план | Подтягивания | На этой неделе: 1 из 3 | ‹ | Неделя 1 · 5 окт – 11 окт | База | › | Текущая неделя · 1 из 3 | СВОБОДНЫЙ ПУЛ | Подтягивания | 1/3 | Начать | + Добавить упражнение | Подтягивания | Убрать курс из плана | Отмена | Главная | Планы | Журнал | Аналитика | Профиль
06:10:51 SHOT j4-02-menu-program.png
06:10:59 OPEN /
06:10:59 TAP tab Планы
06:10:59 TAP menu Текущий план
06:11:00 TAP Скопировать неделю 1 → 2
06:11:01 VISIBLE[after copy] Привет, Audit! | Планы | Мои тренировки | Сейчас | Завершённые | Текущий план | Подтягивания | На этой неделе: 1 из 3 | ‹ | Неделя 1 · 5 окт – 11 окт | База | › | Текущая неделя · 1 из 3 | СВОБОДНЫЙ ПУЛ | Подтягивания | 1/3 | Начать | + Добавить упражнение | СКОПИРОВАТЬ СВОИ ТРЕНИРОВКИ И УПРАЖНЕНИЯ ЭТОЙ НЕДЕЛИ В СЛЕДУЮЩУЮ? ДУБЛИ ПРОПУСТИМ. | Скопировать | Отмена | Главная | Планы | Журнал | Аналитика | Профиль
06:11:01 SHOT j4-01-after-copy.png
06:11:01 TAP next week
06:11:02 VISIBLE[week 2] Привет, Audit! | Планы | Мои тренировки | Сейчас | Завершённые | Текущий план | Подтягивания | На этой неделе: 1 из 3 | ‹ | Неделя 2 · 12 окт – 18 окт | База | › | 0 из 0 | На эту неделю пока ничего не запланировано. | + Добавить упражнение | Главная | Планы | Журнал | Аналитика | Профиль
06:11:02 SHOT j4-02-week2.png
06:11:04 RELOAD
06:11:04 TAP tab Планы
06:11:05 TAP next week
06:11:06 VISIBLE[week 2 after reload] Привет, Audit! | Планы | Мои тренировки | Сейчас | Завершённые | Текущий план | Подтягивания | На этой неделе: 1 из 3 | ‹ | Неделя 2 · 12 окт – 18 окт | База | › | 0 из 0 | На эту неделю пока ничего не запланировано. | + Добавить упражнение | Главная | Планы | Журнал | Аналитика | Профиль
06:11:14 OPEN /
06:11:14 TAP tab Планы
06:11:15 TAP menu Текущий план
06:11:16 TAP Скопировать неделю 1 → 2
06:11:17 TAP Скопировать (confirm)
06:11:17 NET POST /api/v2/plan/weeks/1/copy-to-next -> 200 
06:11:18 VISIBLE[after confirm copy] Привет, Audit! | Планы | Мои тренировки | Сейчас | Завершённые | Текущий план | Подтягивания | На этой неделе: 1 из 3 | ‹ | Неделя 2 · 12 окт – 18 окт | База | › | 0 из 0 | На эту неделю пока ничего не запланировано. | + Добавить упражнение | Скопировано: 0, пропущено дублей: 0 | Главная | Планы | Журнал | Аналитика | Профиль
06:11:18 SHOT j4-01-after-confirm-copy.png
06:11:18 TAP next week
06:11:18 NET POST /api/v2/plan/weeks -> 200 
06:11:19 VISIBLE[week 2] Привет, Audit! | Планы | Мои тренировки | Сейчас | Завершённые | Текущий план | Подтягивания | На этой неделе: 1 из 3 | ‹ | Неделя 3 · 19 окт – 25 окт | База | › | 0 из 0 | На эту неделю пока ничего не запланировано. | + Добавить упражнение | Главная | Планы | Журнал | Аналитика | Профиль
06:11:19 SHOT j4-02-week2-after-copy.png
06:11:26 OPEN /
06:11:26 TAP tab Планы
06:11:27 TAP + Добавить упражнение
06:11:28 VISIBLE[add exercise] Привет, Audit! | Планы | Мои тренировки | Сейчас | Завершённые | Текущий план | Подтягивания | На этой неделе: 1 из 3 | ‹ | Неделя 1 · 5 окт – 11 окт | База | › | Текущая неделя · 1 из 3 | СВОБОДНЫЙ ПУЛ | Подтягивания | 1/3 | Начать | + Добавить упражнение | ДОБАВИТЬ УПРАЖНЕНИЕ | Факультатив — подтягивания на максимум | Факультатив — подтягивания W | Факультатив — 3 минуты подтягиваний | Факультатив — подтягивания на объём | Планка | Отжимания | День | Свободный пул | Понедельник | Вторник | Среда | Четверг | Пятница | Суббота | Воскресенье | Добавить | Отмена | Главная | Планы | Журнал | Аналитика | Профиль
06:11:28 SHOT j4-01-add-ex.png
06:11:28 buttons ["Мои тренировки","","","‹","›","Начать","+ Добавить упражнение","Факультатив — подтягивания на максимум","Факультатив — подтягивания W","Факультатив — 3 минуты подтягиваний","Факультатив — подтягивания на объём","Планка","Отжимания","Свободный пул","Понедельник","Вторник","Среда","Четверг","Пятница","Суббота","Воскресенье","Добавить","Отмена","Главная","Планы","Журнал","Аналитика","Профиль"]
06:11:35 OPEN /
06:11:35 TAP tab Планы
06:11:36 TAP + Добавить упражнение
06:11:37 TAP Планка
06:11:38 TAP Среда
06:11:39 TAP Добавить
06:11:39 NET POST /api/v2/plan-items -> 200 
06:11:40 VISIBLE[after add] Привет, Audit! | Планы | Мои тренировки | Сейчас | Завершённые | Текущий план | Подтягивания | На этой неделе: 1 из 3 | ‹ | Неделя 1 · 5 окт – 11 окт | База | › | Текущая неделя · 1 из 4 | СРЕДА | Планка | 0/1 | Начать | СВОБОДНЫЙ ПУЛ | Подтягивания | 1/3 | Начать | + Добавить упражнение | Главная | Планы | Журнал | Аналитика | Профиль
06:11:40 SHOT j4-01-after-add.png
06:11:42 RELOAD
06:11:42 TAP tab Планы
06:11:42 VISIBLE[after reload] Привет, Audit! | Планы | Мои тренировки | Сейчас | Завершённые | Текущий план | Подтягивания | На этой неделе: 1 из 3 | ‹ | Неделя 1 · 5 окт – 11 окт | База | › | Текущая неделя · 1 из 4 | СРЕДА | Планка | 0/1 | Начать | СВОБОДНЫЙ ПУЛ | Подтягивания | 1/3 | Начать | + Добавить упражнение | Главная | Планы | Журнал | Аналитика | Профиль
06:11:42 SHOT j4-02-after-reload.png
06:11:43 aria ["null|Мои тренировки","null|Сейчас","null|Завершённые","Действия: Текущий план|","Действия: Подтягивания|","Предыдущая неделя|‹","Следующая неделя|›","Начать: Планка, среда|Начать","Действия: Планка, среда|","Начать: Подтягивания, без дня|Начать","null|+ Добавить упражнени","null|Главная","null|Планы","null|Журнал","null|Аналитика","null|Профиль"]
06:11:50 OPEN /
06:11:50 TAP tab Планы
06:11:51 TAP menu Планка
06:11:52 VISIBLE[menu] Привет, Audit! | Планы | Мои тренировки | Сейчас | Завершённые | Текущий план | Подтягивания | На этой неделе: 1 из 3 | ‹ | Неделя 1 · 5 окт – 11 окт | База | › | Текущая неделя · 1 из 4 | СРЕДА | Планка | 0/1 | Начать | СВОБОДНЫЙ ПУЛ | Подтягивания | 1/3 | Начать | + Добавить упражнение | Планка | Перенести | Убрать из плана | Отмена | Главная | Планы | Журнал | Аналитика | Профиль
06:11:52 SHOT j4-01-menu-item.png
06:11:52 buttons ["Мои тренировки","","","‹","›","Начать","","Начать","+ Добавить упражнение","Перенести","Убрать из плана","Отмена","Главная","Планы","Журнал","Аналитика","Профиль"]
06:11:58 OPEN /
06:11:58 TAP tab Планы
06:11:59 TAP menu Планка
06:12:00 TAP Перенести
06:12:01 VISIBLE[move] Привет, Audit! | Перенести | Планка | НЕДЕЛЯ | Неделя 1 · 5 окт – 11 окт | Неделя 2 · 12 окт – 18 окт | Неделя 3 · 19 окт – 25 окт | ДЕНЬ | Пн | Вт | Ср | Чт | Пт | Сб | Вс | Свободный пул | Сохранить
06:12:01 SHOT j4-01-move.png
06:12:01 buttons ["Неделя 1 · 5 окт – 11 окт","Неделя 2 · 12 окт – 18 окт","Неделя 3 · 19 окт – 25 окт","Пн","Вт","Ср","Чт","Пт","Сб","Вс","Свободный пул","Сохранить"]
06:12:08 OPEN /
06:12:08 TAP tab Планы
06:12:09 TAP menu Планка
06:12:10 TAP Перенести
06:12:10 TAP Неделя 2
06:12:11 TAP Пт
06:12:12 TAP Сохранить
06:12:12 NET PATCH /api/v2/plan-items/5 -> 200 
06:12:13 VISIBLE[after move] Привет, Audit! | Планы | Мои тренировки | Сейчас | Завершённые | Текущий план | Подтягивания | На этой неделе: 1 из 3 | ‹ | Неделя 1 · 5 окт – 11 окт | База | › | Текущая неделя · 1 из 3 | СВОБОДНЫЙ ПУЛ | Подтягивания | 1/3 | Начать | + Добавить упражнение | Главная | Планы | Журнал | Аналитика | Профиль
06:12:13 SHOT j4-01-after-move.png
06:12:13 TAP next week
06:12:14 VISIBLE[week 2] Привет, Audit! | Планы | Мои тренировки | Сейчас | Завершённые | Текущий план | Подтягивания | На этой неделе: 1 из 3 | ‹ | Неделя 2 · 12 окт – 18 окт | База | › | 0 из 1 | ПЯТНИЦА | Планка | 0/1 | + Добавить упражнение | Главная | Планы | Журнал | Аналитика | Профиль
06:12:14 SHOT j4-02-week2-moved.png
06:12:16 RELOAD
06:12:16 TAP tab Планы
06:12:17 TAP next week
06:12:18 VISIBLE[week 2 after reload] Привет, Audit! | Планы | Мои тренировки | Сейчас | Завершённые | Текущий план | Подтягивания | На этой неделе: 1 из 3 | ‹ | Неделя 2 · 12 окт – 18 окт | База | › | 0 из 1 | ПЯТНИЦА | Планка | 0/1 | + Добавить упражнение | Главная | Планы | Журнал | Аналитика | Профиль
06:12:26 OPEN /
06:12:26 TAP tab Планы
06:12:27 TAP next week
06:12:28 TAP menu plan
06:12:29 buttons ["Мои тренировки","","","‹","›","","+ Добавить упражнение","Скопировать неделю 2 → 3","Отмена","Главная","Планы","Журнал","Аналитика","Профиль"]
06:12:29 TAP copy
06:12:30 TAP confirm
06:12:30 NET POST /api/v2/plan/weeks/3/copy-to-next -> 200 
06:12:31 VISIBLE[after copy 2->3] Привет, Audit! | Планы | Мои тренировки | Сейчас | Завершённые | Текущий план | Подтягивания | На этой неделе: 1 из 3 | ‹ | Неделя 3 · 19 окт – 25 окт | База | › | 0 из 1 | ПЯТНИЦА | Планка | 0/1 | + Добавить упражнение | Скопировано: 1, пропущено дублей: 0 | Главная | Планы | Журнал | Аналитика | Профиль
06:12:31 TAP next
06:12:31 NET POST /api/v2/plan/weeks -> 200 
06:12:31 VISIBLE[week 3] Привет, Audit! | Планы | Мои тренировки | Сейчас | Завершённые | Текущий план | Подтягивания | На этой неделе: 1 из 3 | ‹ | Неделя 4 · 26 окт – 1 ноя | База | › | 0 из 0 | На эту неделю пока ничего не запланировано. | + Добавить упражнение | Главная | Планы | Журнал | Аналитика | Профиль
06:12:32 SHOT j4-01-week3.png
06:12:33 RELOAD
06:12:33 TAP tab Планы
06:12:34 TAP next
06:12:35 TAP next
06:12:36 VISIBLE[week 3 after reload] Привет, Audit! | Планы | Мои тренировки | Сейчас | Завершённые | Текущий план | Подтягивания | На этой неделе: 1 из 3 | ‹ | Неделя 3 · 19 окт – 25 окт | База | › | 0 из 1 | ПЯТНИЦА | Планка | 0/1 | + Добавить упражнение | Главная | Планы | Журнал | Аналитика | Профиль
06:12:36 TAP prev
06:12:37 VISIBLE[week 2 via prev] Привет, Audit! | Планы | Мои тренировки | Сейчас | Завершённые | Текущий план | Подтягивания | На этой неделе: 1 из 3 | ‹ | Неделя 2 · 12 окт – 18 окт | База | › | 0 из 1 | ПЯТНИЦА | Планка | 0/1 | + Добавить упражнение | Главная | Планы | Журнал | Аналитика | Профиль
06:12:47 OPEN /
06:12:47 TAP tab Планы
06:12:48 TAP + Добавить упражнение
06:12:49 TAP Планка
06:12:49 TAP Понедельник
06:12:50 TAP Добавить
06:12:50 NET POST /api/v2/plan-items -> 200 
06:12:51 TAP Начать Планка
06:12:52 VISIBLE[pre] ГОТОВЫ К СТАРТУ | Планка | Начать
06:12:52 SHOT j4-01-plank-pre.png
06:12:52 TAP Начать (pre)
06:12:52 NET POST /api/v2/sessions/live -> 200 
06:12:53 VISIBLE[live] ЖИВАЯ ТРЕНИРОВКА | Планка | Завершить | Планка | 1 / 3 | ПОДХОД | Подход 1/3 | 3 подхода | ПРИГОТОВЬСЯ | 0:05 | Готов | Пауза
06:12:53 SHOT j4-02-plank-live.png
06:12:53 buttons ["Завершить","Готов","","Пауза"]
06:13:01 OPEN /
06:13:01 VISIBLE[resumed] ЖИВАЯ ТРЕНИРОВКА | Планка | Завершить | Планка | 1 / 3 | ПОДХОД | Подход 1/3 | 3 подхода | ПРИГОТОВЬСЯ | 0:00 | Готов | Пауза
06:13:01 TAP Готов
06:13:01 NET POST /api/v2/sessions/live/4/phase/next -> 200 
06:13:01 VISIBLE[go] ЖИВАЯ ТРЕНИРОВКА | Планка | Завершить | Планка | 1 / 3 | ПОДХОД | Подход 1/3 | ПОШЁЛ | ВНЕСТИ ПОДХОД | Секунды | Оценка и заметка | Готово
06:13:02 SHOT j4-01-plank-go.png
06:13:02 buttons ["Завершить","Оценка и заметка","Готово",""]
06:13:02 inputs ["Секунды|text|"]
06:13:05 VISIBLE[after 3s] ЖИВАЯ ТРЕНИРОВКА | Планка | Завершить | Планка | 1 / 3 | ПОДХОД | Подход 1/3 | ПОШЁЛ | ВНЕСТИ ПОДХОД | Секунды | Оценка и заметка | Готово
06:14:03 OPEN /
06:14:03 TAP tab Планы
06:14:04 VISIBLE[Планы now] Привет, Audit! | Планы | Мои тренировки | Сейчас | Завершённые | Текущий план | Подтягивания | На этой неделе: 1 из 3 | СЕГОДНЯ | Планка | 1/1 | Ещё раз | ‹ | Неделя 1 · 5 окт – 11 окт | База | › | Текущая неделя · 2 из 4 | ПОНЕДЕЛЬНИК | Планка | 1/1 | Ещё раз | СВОБОДНЫЙ ПУЛ | Подтягивания | 1/3 | Начать | + Добавить упражнение | Главная | Планы | Журнал | Аналитика | Профиль
06:14:04 SHOT j4-01-plans-before-remove.png
06:14:04 aria ["Действия: Текущий план","Действия: Подтягивания","Повторить: Планка","Предыдущая неделя","Следующая неделя","Повторить: Планка, понедельник","Действия: Планка, понедельник","Начать: Подтягивания, без дня"]
06:14:11 OPEN /
06:14:11 TAP tab Планы
06:14:12 TAP menu Планка
06:14:13 TAP Убрать из плана
06:14:14 VISIBLE[confirm?] Привет, Audit! | Планы | Мои тренировки | Сейчас | Завершённые | Текущий план | Подтягивания | На этой неделе: 1 из 3 | СЕГОДНЯ | Планка | 1/1 | Ещё раз | ‹ | Неделя 1 · 5 окт – 11 окт | База | › | Текущая неделя · 2 из 4 | ПОНЕДЕЛЬНИК | Планка | 1/1 | Ещё раз | Убрать «Планка» из плана? | Убрать | Отмена | СВОБОДНЫЙ ПУЛ | Подтягивания | 1/3 | Начать | + Добавить упражнение | Главная | Планы | Журнал | Аналитика | Профиль
06:14:14 SHOT j4-01-remove-item.png
06:14:14 buttons ["Мои тренировки","","","Ещё раз","‹","›","Ещё раз","Убрать","Отмена","Начать","+ Добавить упражнение","Главная","Планы","Журнал","Аналитика","Профиль"]
06:14:21 OPEN /
06:14:21 TAP tab Планы
06:14:22 TAP menu Планка
06:14:23 TAP Убрать из плана
06:14:24 TAP Убрать (confirm)
06:14:24 NET DELETE /api/v2/plan-items/7 -> 204 
06:14:25 VISIBLE[after item removed] Привет, Audit! | Планы | Мои тренировки | Сейчас | Завершённые | Текущий план | Подтягивания | На этой неделе: 1 из 3 | ‹ | Неделя 1 · 5 окт – 11 окт | База | › | Текущая неделя · 1 из 3 | СВОБОДНЫЙ ПУЛ | Подтягивания | 1/3 | Начать | + Добавить упражнение | Главная | Планы | Журнал | Аналитика | Профиль
06:14:27 RELOAD
06:14:27 TAP tab Планы
06:14:28 VISIBLE[reload] Привет, Audit! | Планы | Мои тренировки | Сейчас | Завершённые | Текущий план | Подтягивания | На этой неделе: 1 из 3 | ‹ | Неделя 1 · 5 окт – 11 окт | База | › | Текущая неделя · 1 из 3 | СВОБОДНЫЙ ПУЛ | Подтягивания | 1/3 | Начать | + Добавить упражнение | Главная | Планы | Журнал | Аналитика | Профиль
06:14:28 TAP menu program
06:14:28 TAP Убрать курс из плана
06:14:29 VISIBLE[confirm program] Привет, Audit! | Планы | Мои тренировки | Сейчас | Завершённые | Текущий план | Подтягивания | На этой неделе: 1 из 3 | Убрать курс «Подтягивания» из плана? История сохранится. | Убрать | Отмена | ‹ | Неделя 1 · 5 окт – 11 окт | База | › | Текущая неделя · 1 из 3 | СВОБОДНЫЙ ПУЛ | Подтягивания | 1/3 | Начать | + Добавить упражнение | Главная | Планы | Журнал | Аналитика | Профиль
06:14:29 SHOT j4-01-remove-program-confirm.png
06:14:29 buttons ["Мои тренировки","","Убрать","Отмена","‹","›","Начать","+ Добавить упражнение","Главная","Планы","Журнал","Аналитика","Профиль"]
06:14:36 OPEN /
06:14:36 TAP tab Планы
06:14:37 TAP menu program
06:14:38 TAP Убрать курс
06:14:39 TAP Убрать (confirm)
06:14:39 NET POST /api/v2/program-inclusions/1/deactivate -> 200 
06:14:40 VISIBLE[after program removed] Привет, Audit! | Планы | Мои тренировки | Сейчас | Завершённые | Текущий план | Курсов в плане нет. Добавьте курс на Главной. | Выбрать курс на Главной | ‹ | Неделя 1 · 5 окт – 11 окт | База | › | Текущая неделя · 0 из 0 | На эту неделю пока ничего не запланировано. | + Добавить упражнение | Главная | Планы | Журнал | Аналитика | Профиль
06:14:40 SHOT j4-01-after-program-removed.png
06:14:42 RELOAD
06:14:42 TAP tab Планы
06:14:43 VISIBLE[Планы reload] Привет, Audit! | Планы | Мои тренировки | Сейчас | Завершённые | Текущий план | Курсов в плане нет. Добавьте курс на Главной. | Выбрать курс на Главной | ‹ | Неделя 1 · 5 окт – 11 окт | База | › | Текущая неделя · 0 из 0 | На эту неделю пока ничего не запланировано. | + Добавить упражнение | Главная | Планы | Журнал | Аналитика | Профиль
06:14:43 TAP tab Журнал
06:14:44 VISIBLE[Журнал] Привет, Audit! | Журнал | + Записать | ‹ | Октябрь 2026  | › | 5–11 ОКТ. | Пн, 5 октября | По плану | Тренировка | 09:12 | Подходы | 1 | Время | 0:40 | Усилие | 3 | По плану | Подтягивания | 09:04 | Подходы | 4 | Повторы | 26 | Усилие | 3 | Главная | Планы | Журнал | Аналитика | Профиль
06:14:44 TAP tab Аналитика
06:14:44 VISIBLE[Аналитика] Привет, Audit! | Аналитика | Тренировки | Программа | Тренировки | Минуты | 1 мес | 3 мес | Свой | 2 | Тренировок за 30 дней | 1 | Активных дней за 30 дней | По типам | 2 | всего | pull_ups | 1 · 50% | Общая физическая подготовка | 1 · 50% | Тренировки по неделям | 31.08 | 07.09 | 14.09 | 21.09 | 28.09 | 2 | 05.10 | Всего тренировок: 2 · 06.09 – 05.10 | Сводка | Тип	Тренировки	Минуты | pull_ups	1	1 | block_a	0.5	1 | block_b	0.5	1 | Общая физическая подготовка	1	1 | Итого	2	2 | Показать все (+4) | Смешанная тренировка делится между категориями поровну по блокам; минуты — по длительности тренировки. | Пока нет завершённых тренировок из «Мои тренировки» — показатели по упражнениям появятся после первой. | Экспорт данных — CSV | Вся история тренировок: по строке на подход, открывается в Excel. | Скачать | Главная | Планы | Журнал | Аналитика | Профиль
06:14:44 TAP tab Главная
06:14:45 VISIBLE[Home] Привет, Audit! | Что потренируем сегодня? | Главная | pull_ups | Все › | Подтягивания | Рост числа подтягиваний: объём (блок A) + сила (блок Б) | Своя программа | Соберите комплекс из упражнений и протоколов | Мои тренировки | Соберите свою тренировку из упражнений и протоколов. | Создать тренировку | Занимались вне приложения? | Добавьте активность в историю | Нажмите  на тренировке, чтобы добавить | Готовы заниматься? | Откройте план дня | Тесты | Максимум, вис, вес — результаты и динамика › | Главная | Планы | Журнал | Аналитика | Профиль
06:14:54 OPEN /
06:14:54 TAP tab Планы
06:14:55 TAP Завершённые
06:14:56 VISIBLE[Завершённые] Привет, Audit! | Планы | Мои тренировки | Сейчас | Завершённые | Подтягивания | 5 окт 2026 – 5 окт 2026 | Главная | Планы | Журнал | Аналитика | Профиль
06:14:56 SHOT j4-01-completed-tab.png
06:14:56 TAP Home
06:14:57 TAP card
06:14:58 VISIBLE[detail after removal] Привет, Audit! | PULL_UPS | Подтягивания | Рост числа подтягиваний: объём (блок A) + сила (блок Б) | Повторяющаяся программа (по неделям) | РАСПИСАНИЕ НЕДЕЛИ | База | Блок A — 3 раза в неделю (старт: 10 повт. × 3 подх.) | Блок Б — 3 раза в неделю (старт: 3 повт. × 4 подх.) | Добавить в план
06:14:58 TAP add again
06:14:58 NET POST /api/v2/program-inclusions -> 200 
06:14:58 VISIBLE[after re-add] Привет, Audit! | PULL_UPS | Подтягивания | Рост числа подтягиваний: объём (блок A) + сила (блок Б) | Повторяющаяся программа (по неделям) | РАСПИСАНИЕ НЕДЕЛИ | База | Блок A — 3 раза в неделю (старт: 10 повт. × 3 подх.) | Блок Б — 3 раза в неделю (старт: 3 повт. × 4 подх.) | В плане
06:15:00 RELOAD
06:15:00 TAP tab Планы
06:15:01 VISIBLE[Планы after re-add] Привет, Audit! | Планы | Мои тренировки | Сейчас | Завершённые | Текущий план | Подтягивания | На этой неделе: 0 из 3 | ‹ | Неделя 1 · 5 окт – 11 окт | База | › | Текущая неделя · 0 из 3 | СВОБОДНЫЙ ПУЛ | Подтягивания | 0/3 | Начать | + Добавить упражнение | Главная | Планы | Журнал | Аналитика | Профиль
06:15:01 SHOT j4-02-plans-readd.png
