06:43:58 OPEN Mini App (new user)
06:43:58 TAP "Далее"
06:43:59 TAP "Да"
06:44:00 TAP "Продолжить"
06:44:01 TAP "Далее"
06:44:02 TAP "Далее"
06:44:03 TAP "Далее"
06:44:04 TAP "Далее"
06:44:05 TAP "Готово"
06:44:07 EXPECT Home after onboarding (UI onboarding possible)
06:44:07 ACTUAL Привет, Audit! | Что потренируем сегодня? | Главная | Каталог курсов появится здесь позже. | Своя программа | Соберите комплекс из упражнений и протоколов | Мои тренировки | Соберите свою тренировку из упражнений и протоколов. | Создать тренировку | Занимались вне приложения? | Добавьте активность в историю | Нажмите  на тренировке, чтобы добавить | Готовы заниматься? | Откройте план дня | Тесты | Максимум, вис, вес — результаты и динамика › | Главная | Планы | Журнал | Аналитика | Профиль   OK
06:44:07 TAP "Баннер: собрать свой комплекс"
06:44:08 TAP "Создать и добавить упражнения"
06:44:09 EXPECT Editor 'Редактировать тренировку' with empty list and a way forward
06:44:09 ACTUAL Привет, Audit! | Редактировать тренировку | НАЗВАНИЕ | УПРАЖНЕНИЯ | Пока пусто. Добавьте первое упражнение и настройте, как его выполнять. | + Добавить упражнение | Добавить в план | Дублировать | Сохранить | Удалить тренировку   OK
06:44:10 TAP "+ Добавить упражнение"
06:44:11 EXPECT Exercise picker on empty library offers a visible 'create exercise' CTA without typing
06:44:11 ACTUAL Привет, Audit! | Добавить упражнение | Выберите упражнение — на следующем шаге настроите подходы и отдых. Нет нужного? Введите название, и появится «Создать своё». | Ничего не найдено   FAIL F-B-FRESH-CLEAN-04 (CTA only after typing; hint text only)
06:44:12 TAP "Создать своё: «Подтягивания»"
06:44:13 EXPECT Protocol screen (type/sets/reps/rest)
06:44:13 ACTUAL Привет, Audit! | УПРАЖНЕНИЕ | Подтягивания | ТИП РАБОТЫ | Повторения | Несколько подходов с заданным количеством повторений | Время | Несколько подходов на время | Максимум | Несколько попыток на максимум | Интервалы | Работа и отдых по таймеру | ПАРАМЕТРЫ | Подходы | Сколько раз повторить | − | + | Повторения в подходе | Одинаково в каждом подходе | − | + | Отдых между подходами | − | + | мин:сек | ТАК БУДЕТ В ТРЕНИРОВКЕ | 3 × 10 повторений | Отдых между подходами 1:00 | Добавить | Отмена   OK
06:44:13 TAP "Добавить"
06:44:14 TAP "Сохранить"
06:44:15 EXPECT Workout detail with 1 exercise, 3 × 10
06:44:15 ACTUAL Привет, Audit! | Мои подтягивания | Своя тренировка | 1 упражнение | Начать | Записать | Добавить в план | Изменить | Упражнения | Подтягивания | 3 × 10 повторений · отдых 1:00 | История | Вы ещё не выполняли эту тренировку   OK
06:44:15 RELOAD after save
06:44:17 EXPECT Home 'Мои тренировки' lists the workout after reload
06:44:17 ACTUAL Привет, Audit! | Что потренируем сегодня? | Главная | Каталог курсов появится здесь позже. | Своя программа | Соберите комплекс из упражнений и протоколов | Мои тренировки | Создать | Мои подтягивания | 1 упражнение · 3 × 10 | Подтягивания | Занимались вне приложения? | Добавьте активность в историю | Нажмите  на тренировке, чтобы добавить | Готовы заниматься? | Откройте план дня | Тесты | Максимум, вис, вес — результаты и динамика › | Главная | Планы | Журнал | Аналитика | Профиль   OK
06:44:17 TAP "workout card"
06:44:18 TAP "Начать"
06:44:19 EXPECT Live ready screen
06:44:19 ACTUAL ГОТОВЫ К СТАРТУ | Мои подтягивания | 1 упражнение | Подтягивания | 3 × 10 повторений | Начать   OK
06:44:19 TAP "Начать (live)"
06:44:20 TAP "Готов"
06:44:21 TAP "Готово (8)"
06:44:22 EXPECT Rest phase with 'Подход 1: 8 повт.'
06:44:22 ACTUAL ЖИВАЯ ТРЕНИРОВКА | Мои подтягивания | Завершить | Подтягивания | 1 / 3 | ПОДХОД | 10 | ПОВТ | Подход 1/3 · Цель: 10 повт. | ОТДЫХ | 1:00 | Подход 1: 8 повт. | Изменить | Пропустить отдых | Пауза   OK
06:44:23 RELOAD mid-session (J7)
06:44:25 EXPECT Live session resumes after reload (rest)
06:44:25 ACTUAL ЖИВАЯ ТРЕНИРОВКА | Мои подтягивания | Завершить | Подтягивания | 1 / 3 | ПОДХОД | 10 | ПОВТ | Подход 1/3 · Цель: 10 повт. | ОТДЫХ | 0:57 | Подход 1: 8 повт. | Изменить | Пропустить отдых | Пауза   OK
06:44:25 TAP "Пропустить отдых"
06:44:26 TAP "Готов"
06:44:27 TAP "Готово (6)"
06:44:28 TAP "Завершить"
06:44:29 TAP "3 Средне"
06:44:30 TAP "Сохранить и завершить"
06:44:31 EXPECT Summary 'Тренировка завершена' with sets 8 and 6
06:44:31 ACTUAL Тренировка завершена | Мои подтягивания | 2 | Подходов | 1 | Упражнение | Подтягивания — 2/3 | , не выполнено | Подход 1: 8 повт. | Подход 2: 6 повт. | Закрыть   OK
06:44:31 RELOAD after summary
06:44:33 TAP "Журнал"
06:44:34 EXPECT Журнал shows the workout (Свободная, 2 sets, 14 reps)
06:44:34 ACTUAL Привет, Audit! | Журнал | + Записать | ‹ | Октябрь 2026 | › | 5–11 ОКТ. | Пн, 5 октября | Свободная | Мои подтягивания | 09:44 | Подходы | 2 | Повторы | 14 | Усилие | 3 | Главная | Планы | Журнал | Аналитика | Профиль   OK
06:44:34 TAP "Аналитика"
06:44:35 EXPECT Аналитика: 1 тренировка, 14 повторений
06:44:35 ACTUAL Привет, Audit! | Аналитика | Тренировки | Программа | Тренировки | Минуты | 1 мес | 3 мес | Свой | 1 | Тренировок за 30 дней | 1 | Активных дней за 30 дней | По типам | 1 | всего | user | 1 · 100% | Тренировки по неделям | 31.08 | 07.09 | 14.09 | 21.09 | 28.09 | 1 | 05.10 | Всего тренировок: 1 · 06.09 – 05.10 | Сводка | Тип	Тренировки	Минуты | user	1	0 | Итого	1	0 | Смешанная тренировка делится между категориями поровну по блокам; минуты — по длительности тренировки. | Упражнение | Подтягивания | Повторения | 14 | Всего повторений | 2 | Подходов | 8 | Лучший подход | Повторений по тренировкам | Для графика нужно хотя бы две записи. | Экспорт данных — CSV | Вся история тренировок: по строке н   OK
06:44:38 REOPEN in new context, same initData
06:44:38 TAP "Журнал"
06:44:39 EXPECT Журнал still has the workout in a fresh context (J7)
06:44:39 ACTUAL Привет, Audit! | Журнал | + Записать | ‹ | Октябрь 2026 | › | 5–11 ОКТ. | Пн, 5 октября | Свободная | Мои подтягивания | 09:44 | Подходы | 2 | Повторы | 14 | Усилие | 3 | Главная | Планы | Журнал | Аналитика | Профиль   OK
06:44:39 TAP "Планы"
06:44:40 TAP "Мои тренировки"
06:44:41 TAP "Добавить в план"
06:44:42 TAP "Ср"
06:44:43 TAP "Добавить"
06:44:44 RELOAD after add-to-plan
06:44:46 TAP "Планы"
06:44:48 EXPECT Планы current week shows the added workout (Среда)
06:44:48 ACTUAL Привет, Audit! | Планы | Мои тренировки | Сейчас | Завершённые | Текущий план | Курсов в плане нет. Добавьте курс на Главной. | Выбрать курс на Главной | ‹ | Неделя 1 · 5 окт – 11 окт | База | › | Текущая неделя · 0 из 0 | На эту неделю пока ничего не запланировано. | + Добавить упражнение | Главная | Планы | Журнал | Аналитика | Профиль   FAIL F-B-FRESH-CLEAN-03 (first add-to-plan when no plan exists is silently lost)
06:44:48 TAP "Мои тренировки"
06:44:49 TAP "Добавить в план (retry)"
06:44:50 TAP "Чт"
06:44:51 TAP "Добавить"
06:44:51 RELOAD after 2nd add
06:44:54 TAP "Планы"
06:44:55 EXPECT Планы shows the workout under ЧЕТВЕРГ after the 2nd add
06:44:55 ACTUAL Привет, Audit! | Планы | Мои тренировки | Сейчас | Завершённые | Текущий план | Курсов в плане нет. Добавьте курс на Главной. | Выбрать курс на Главной | ‹ | Неделя 1 · 5 окт – 11 окт | База | › | Текущая неделя · 0 из 1 | ЧЕТВЕРГ | Мои подтягивания | 0/1 | Начать | + Добавить упражнение | Главная | Планы | Журнал | Аналитика | Профиль   OK
06:44:55 TAP "Начать (plan)"
06:44:56 TAP "Начать"
06:44:57 TAP "Готов"
06:44:58 TAP "Готово (9)"
06:44:59 TAP "Пропустить отдых"
06:45:00 TAP "Готов"
06:45:01 TAP "Готово (7)"
06:45:02 TAP "Завершить"
06:45:03 TAP "4 Тяжело"
06:45:04 TAP "Сохранить и завершить"
06:45:05 EXPECT Summary after plan start
06:45:05 ACTUAL Тренировка завершена | Мои подтягивания | 2 | Подходов | 1 | Упражнение | Подтягивания — 2/3 | , не выполнено | Подход 1: 9 повт. | Подход 2: 7 повт. | Прогрессия не пересчитана — нет активного курса со ступенчатой стратегией для этих упражнений. | Закрыть   OK
06:45:05 TAP "Закрыть"
06:45:06 RELOAD 
06:45:08 TAP "Планы"
06:45:09 EXPECT Планы shows 1/1 for the week item after completion
06:45:09 ACTUAL Привет, Audit! | Планы | Мои тренировки | Сейчас | Завершённые | Текущий план | Курсов в плане нет. Добавьте курс на Главной. | Выбрать курс на Главной | ‹ | Неделя 1 · 5 окт – 11 окт | База | › | Текущая неделя · 1 из 1 | ЧЕТВЕРГ | Мои подтягивания | 1/1 | Ещё раз | + Добавить упражнение | Главная | Планы | Журнал | Аналитика | Профиль   OK
06:45:09 TAP "Журнал"
06:45:10 EXPECT Журнал shows 'По плану' entry
06:45:10 ACTUAL Привет, Audit! | Журнал | + Записать | ‹ | Октябрь 2026 | › | 5–11 ОКТ. | Пн, 5 октября | По плану | Мои подтягивания | 09:44 | Подходы | 2 | Повторы | 16 | Усилие | 4 | Свободная | Мои подтягивания | 09:44 | Подходы | 2 | Повторы | 14 | Усилие | 3 | Главная | Планы | Журнал | Аналитика | Профиль   OK
06:45:10 TAP "Планы"
06:45:11 TAP "Действия"
06:45:12 TAP "Убрать из плана"
06:45:13 TAP "Убрать"
06:45:14 RELOAD 
06:45:16 TAP "Журнал"
06:45:17 EXPECT Журнал still names the plan-run entry 'Мои подтягивания' after the plan row was removed
06:45:17 ACTUAL Привет, Audit! | Журнал | + Записать | ‹ | Октябрь 2026 | › | 5–11 ОКТ. | Пн, 5 октября | По плану | Тренировка | 09:44 | Подходы | 2 | Повторы | 16 | Усилие | 4 | Свободная | Мои подтягивания | 09:44 | Подходы | 2 | Повторы | 14 | Усилие | 3 | Главная | Планы | Журнал | Аналитика | Профиль   FAIL F-B-FRESH-CLEAN-06
06:45:18 SUMMARY FAIL ["F-B-FRESH-CLEAN-04 (CTA only after typing; hint text only): Exercise picker on empty library offers a visible 'create exercise' CTA without typing","F-B-FRESH-CLEAN-03 (first add-to-plan when no plan exists is silently lost): Планы current week shows the added workout (Среда)","F-B-FRESH-CLEAN-06: Журнал still names the plan-run entry 'Мои подтягивания' after the plan row was removed"]
