06:46:41 OPEN Mini App (new user)
06:46:41 TAP "Далее"
06:46:42 TAP "Да"
06:46:43 TAP "Продолжить"
06:46:44 TAP "Далее"
06:46:45 TAP "Далее"
06:46:46 TAP "Далее"
06:46:47 TAP "Далее"
06:46:48 TAP "Готово"
06:46:51 EXPECT Home after onboarding (UI onboarding possible)
06:46:51 ACTUAL Привет, Audit! | Что потренируем сегодня? | Главная | Каталог курсов появится здесь позже. | Своя программа | Соберите комплекс из упражнений и протоколов | Мои тренировки | Соберите свою тренировку из упражнений и протоколов. | Создать тренировку | Занимались вне приложения? | Добавьте активность в историю | Нажмите  на тренировке, чтобы добавить | Готовы заниматься? | Откройте план дня | Тесты | Максимум, вис, вес — результаты и динамика › | Главная | Планы | Журнал | Аналитика | Профиль   OK
06:46:51 TEST HARNESS INJECTION: UPDATE users SET subscription_expires_at=now()-interval '1 day' WHERE telegram_id=7100015
06:46:51 RELOAD after expiry injection
06:46:53 TAP "Профиль"
06:46:54 TAP "Подписка"
06:46:55 EXPECT Subscription screen says expired (not 'пробный период') right after expiry
06:46:55 ACTUAL Привет, Audit! | ← Профиль | Подписка | Статус | пробный период (осталось 0 дн., до 04.10.2026) | Оплата картой временно недоступна. | Стоимость подписки: 990 ₽ / месяц. Первые 14 дней — бесплатно. | Как оформить: оплата прямо в боте после пробного периода — картой через Робокассу или Telegram Stars. | Условия оказания услуги и возврата: услуга оказывается сразу после оплаты. Возврат за уже предоставленный доступ не производится. При технической ошибке платежа (двойное списание и т.п.) — полный возврат по обращению в поддержку. | Исполнитель: Возжаев Кирилл Эдуардович (ИП/самозанятый) | ИНН: 667354733620 | ОГРН/ОГРНИП: 324665800108241 | E-mail: kirillvozzhaev99@gmail.com | Полный текст оферт   FAIL F-B-FRESH-CLEAN-08 (stale subscription cache label)
06:46:55 EXPECT Subscription screen offers a way to pay
06:46:55 ACTUAL Привет, Audit! | ← Профиль | Подписка | Статус | пробный период (осталось 0 дн., до 04.10.2026) | Оплата картой временно недоступна. | Стоимость подписки: 990 ₽ / месяц. Первые 14 дней — бесплатно. | Как оформить: оплата прямо в боте после пробного периода — картой через Робокассу или Telegram Stars. | Условия оказания услуги и возврата: услуга оказывается сразу после оплаты. Возврат за уже предоставленный доступ не производится. При технической ошибке платежа (двойное списание и т.п.) — полный возврат по обращению в поддержку. | Исполнитель: Возжаев Кирилл Эдуардович (ИП/самозанятый) | ИНН: 667354733620 | ОГРН/ОГРНИП: 324665800108241 | E-mail: kirillvozzhaev99@gmail.com | Полный текст оферт   FAIL F-B-FRESH-CLEAN-05 (paywall)
06:46:57 TAP "Главная"
06:46:58 EXPECT Главная: paywall / no_access explanation visible for expired user
06:46:58 ACTUAL Привет, Audit! | Что потренируем сегодня? | Главная | Каталог курсов появится здесь позже. | Своя программа | Соберите комплекс из упражнений и протоколов | Мои тренировки | Соберите свою тренировку из упражнений и протоколов. | Создать тренировку | Занимались вне приложения? | Добавьте активность в историю | Нажмите  на тренировке, чтобы добавить | Готовы заниматься? | Откройте план дня | Тесты | Максимум, вис, вес — результаты и динамика › | Главная | Планы | Журнал | Аналитика | Профиль   FAIL F-B-FRESH-CLEAN-05
06:47:00 TAP "Планы"
06:47:01 EXPECT Планы: paywall / no_access explanation visible for expired user
06:47:01 ACTUAL Привет, Audit! | Планы | Мои тренировки | Сейчас | Завершённые | Текущий план | Курсов в плане нет. Добавьте курс на Главной. | Выбрать курс на Главной | Главная | Планы | Журнал | Аналитика | Профиль   FAIL F-B-FRESH-CLEAN-05
06:47:03 TAP "Журнал"
06:47:04 EXPECT Журнал: paywall / no_access explanation visible for expired user
06:47:04 ACTUAL Привет, Audit! | Журнал | + Записать | ‹ | Октябрь 2026 | › | В этом месяце тренировок нет | Главная | Планы | Журнал | Аналитика | Профиль   FAIL F-B-FRESH-CLEAN-05
06:47:05 TAP "Аналитика"
06:47:06 EXPECT Аналитика: paywall / no_access explanation visible for expired user
06:47:06 ACTUAL Привет, Audit! | Аналитика | Тренировки | Программа | Тренировки | Минуты | 1 мес | 3 мес | Свой | 0 | Тренировок за 30 дней | 0 | Активных дней за 30 дней | По типам | За выбранный период нет данных. | Тренировки по неделям | 31.08 | 07.09 | 14.09 | 21.09 | 28.09 | 05.10 | Всего тренировок: 0 · 06.09 – 05.10 | Сводка | Тип	Тренировки	Минуты | Итого	0	0 | Смешанная тренировка делится между категориями поровну по блокам; минуты — по длительности тренировки. | Пока нет завершённых тренировок из «Мои тренировки» — показатели по упражнениям появятся после первой. | Экспорт данных — CSV | Вся история тренировок: по строке на подход, открывается в Excel. | Скачать | Главная | Планы | Журнал | Анал   FAIL F-B-FRESH-CLEAN-05
06:47:08 TAP "Баннер: собрать свой комплекс"
06:47:09 EXPECT Expired user can still create a workout (no gate)
06:47:09 ACTUAL Привет, Audit! | Новая тренировка | НАЗВАНИЕ | Сначала название. Упражнения, подходы и отдых вы настроите на следующем шаге. | Создать и добавить упражнения   OK
06:47:09 SUMMARY FAIL ["F-B-FRESH-CLEAN-08 (stale subscription cache label): Subscription screen says expired (not 'пробный период') right after expiry","F-B-FRESH-CLEAN-05 (paywall): Subscription screen offers a way to pay","F-B-FRESH-CLEAN-05: Главная: paywall / no_access explanation visible for expired user","F-B-FRESH-CLEAN-05: Планы: paywall / no_access explanation visible for expired user","F-B-FRESH-CLEAN-05: Журнал: paywall / no_access explanation visible for expired user","F-B-FRESH-CLEAN-05: Аналитика: paywall / no_access explanation visible for expired user"]
