06:40:19 OPEN Mini App (new user)
06:40:19 TAP "Далее"
06:40:20 TAP "Да"
06:40:21 TAP "Продолжить"
06:40:22 TAP "Далее"
06:40:23 TAP "Далее"
06:40:24 TAP "Далее"
06:40:25 TAP "Далее"
06:40:26 TAP "Готово"
06:40:29 EXPECT Home after onboarding (UI onboarding possible)
06:40:29 ACTUAL Привет, Audit! | Что потренируем сегодня? | Главная | Каталог курсов появится здесь позже. | Своя программа | Соберите комплекс из упражнений и протоколов | Мои тренировки | Соберите свою тренировку из упражнений и протоколов. | Создать тренировку | Занимались вне приложения? | Добавьте активность в историю | Нажмите  на тренировке, чтобы добавить | Готовы заниматься? | Откройте план дня | Тесты | Максимум, вис, вес — результаты и динамика › | Главная | Планы | Журнал | Аналитика | Профиль   OK
06:40:29 OPEN Home -> look for a program to discover
06:40:29 EXPECT Home shows >=1 program card in the catalogue
06:40:29 ACTUAL Привет, Audit! | Что потренируем сегодня? | Главная | Каталог курсов появится здесь позже. | Своя программа | Соберите комплекс из упражнений и протоколов | Мои тренировки | Соберите свою тренировку из упражнений и протоколов. | Создать тренировку | Занимались вне приложения? | Добавьте активность в историю | Нажмите  на тренировке, чтобы добавить | Готовы заниматься? | Откройте план дня | Тесты | Максимум, вис, вес — результаты и динамика › | Главная | Планы | Журнал | Аналитика | Профиль   FAIL F-B-FRESH-CLEAN-01 (empty catalogue)
06:40:29 TAP "Планы"
06:40:30 EXPECT Планы: active plan, current week, >=1 workout
06:40:30 ACTUAL Привет, Audit! | Планы | Мои тренировки | Сейчас | Завершённые | Текущий план | Курсов в плане нет. Добавьте курс на Главной. | Выбрать курс на Главной | Главная | Планы | Журнал | Аналитика | Профиль   FAIL F-B-FRESH-CLEAN-02
06:40:30 TAP "Выбрать курс на Главной"
06:40:31 EXPECT CTA 'Выбрать курс на Главной' leads to a course to choose
06:40:31 ACTUAL Привет, Audit! | Что потренируем сегодня? | Главная | Каталог курсов появится здесь позже. | Своя программа | Соберите комплекс из упражнений и протоколов | Мои тренировки | Соберите свою тренировку из упражнений и протоколов. | Создать тренировку | Занимались вне приложения? | Добавьте активность в историю | Нажмите  на тренировке, чтобы добавить | Готовы заниматься? | Откройте план дня | Тесты | Максимум, вис, вес — результаты и динамика › | Главная | Планы | Журнал | Аналитика | Профиль   FAIL F-B-FRESH-CLEAN-02
06:40:31 TAP "Баннер: открыть план дня"
06:40:32 EXPECT 'Откройте план дня' opens a day plan with a workout
06:40:32 ACTUAL Привет, Audit! | Планы | Мои тренировки | Сейчас | Завершённые | Текущий план | Курсов в плане нет. Добавьте курс на Главной. | Выбрать курс на Главной | Главная | Планы | Журнал | Аналитика | Профиль   FAIL F-B-FRESH-CLEAN-02
06:40:32 RELOAD after dead-end loop
06:40:34 J1 steps 4..N (Program Detail, add program, Start, Live, Finish, Журнал, Аналитика, reopen): BLOCKED BY F-B-FRESH-CLEAN-01
06:40:34 SUMMARY FAIL ["F-B-FRESH-CLEAN-01 (empty catalogue): Home shows >=1 program card in the catalogue","F-B-FRESH-CLEAN-02: Планы: active plan, current week, >=1 workout","F-B-FRESH-CLEAN-02: CTA 'Выбрать курс на Главной' leads to a course to choose","F-B-FRESH-CLEAN-02: 'Откройте план дня' opens a day plan with a workout"]
