06:45:33 OPEN Mini App (new user)
06:45:33 TAP "Далее"
06:45:34 TAP "Да"
06:45:35 TAP "Продолжить"
06:45:36 TAP "Далее"
06:45:37 TAP "Далее"
06:45:38 TAP "Далее"
06:45:39 TAP "Далее"
06:45:40 TAP "Готово"
06:45:42 EXPECT Home after onboarding (UI onboarding possible)
06:45:42 ACTUAL Привет, Audit! | Что потренируем сегодня? | Главная | Каталог курсов появится здесь позже. | Своя программа | Соберите комплекс из упражнений и протоколов | Мои тренировки | Соберите свою тренировку из упражнений и протоколов. | Создать тренировку | Занимались вне приложения? | Добавьте активность в историю | Нажмите  на тренировке, чтобы добавить | Готовы заниматься? | Откройте план дня | Тесты | Максимум, вис, вес — результаты и динамика › | Главная | Планы | Журнал | Аналитика | Профиль   OK
06:45:42 TAP "Планы"
06:45:43 EXPECT E1 empty Планы has a CTA that resolves (add program)
06:45:43 ACTUAL Привет, Audit! | Планы | Мои тренировки | Сейчас | Завершённые | Текущий план | Курсов в плане нет. Добавьте курс на Главной. | Выбрать курс на Главной | Главная | Планы | Журнал | Аналитика | Профиль   FAIL F-B-FRESH-CLEAN-02
06:45:43 TAP "Главная"
06:45:44 TAP "Баннер: собрать свой комплекс"
06:45:45 TAP "Создать и добавить упражнения"
06:45:46 TAP "+ Добавить упражнение"
06:45:48 TAP "Создать своё"
06:45:49 TAP "Добавить"
06:45:50 TAP "Сохранить"
06:45:51 TAP "Добавить в план"
06:45:52 TAP "Пн"
06:45:53 TAP "Добавить"
06:45:54 RELOAD after first add-to-plan
06:45:56 TAP "Планы"
06:45:57 EXPECT Plan exists + current week created (rows: 0 workouts) — 'plan exists but current week has 0 workouts'
06:45:57 ACTUAL Привет, Audit! | Планы | Мои тренировки | Сейчас | Завершённые | Текущий план | Курсов в плане нет. Добавьте курс на Главной. | Выбрать курс на Главной | ‹ | Неделя 1 · 5 окт – 11 окт | База | › | Текущая неделя · 0 из 0 | На эту неделю пока ничего не запланировано. | + Добавить упражнение | Главная | Планы | Журнал | Аналитика | Профиль   OK
06:45:57 EXPECT The workout just added appears in current week
06:45:57 ACTUAL Привет, Audit! | Планы | Мои тренировки | Сейчас | Завершённые | Текущий план | Курсов в плане нет. Добавьте курс на Главной. | Выбрать курс на Главной | ‹ | Неделя 1 · 5 окт – 11 окт | База | › | Текущая неделя · 0 из 0 | На эту неделю пока ничего не запланировано. | + Добавить упражнение | Главная | Планы | Журнал | Аналитика | Профиль   FAIL F-B-FRESH-CLEAN-03
06:45:57 TAP "Мои тренировки"
06:45:58 TAP "Добавить в план"
06:45:59 TAP "Чт"
06:46:00 TAP "Добавить"
06:46:01 RELOAD 
06:46:04 TAP "Планы"
06:46:05 EXPECT Item under ЧЕТВЕРГ after reload
06:46:05 ACTUAL Привет, Audit! | Планы | Мои тренировки | Сейчас | Завершённые | Текущий план | Курсов в плане нет. Добавьте курс на Главной. | Выбрать курс на Главной | ‹ | Неделя 1 · 5 окт – 11 окт | База | › | Текущая неделя · 0 из 1 | ЧЕТВЕРГ | План-тест | 0/1 | Начать | + Добавить упражнение | Главная | Планы | Журнал | Аналитика | Профиль   OK
06:46:05 TAP "Действия"
06:46:06 TAP "Перенести"
06:46:07 TAP "Пт"
06:46:08 TAP "Сохранить"
06:46:09 RELOAD 
06:46:11 TAP "Планы"
06:46:12 EXPECT Moved to ПЯТНИЦА after reload
06:46:12 ACTUAL Привет, Audit! | Планы | Мои тренировки | Сейчас | Завершённые | Текущий план | Курсов в плане нет. Добавьте курс на Главной. | Выбрать курс на Главной | ‹ | Неделя 1 · 5 окт – 11 окт | База | › | Текущая неделя · 0 из 1 | ПЯТНИЦА | План-тест | 0/1 | Начать | + Добавить упражнение | Главная | Планы | Журнал | Аналитика | Профиль   OK
06:46:12 TAP "Действия"
06:46:13 TAP "Перенести"
06:46:14 TAP "Свободный пул"
06:46:15 TAP "Сохранить"
06:46:16 RELOAD 
06:46:18 TAP "Планы"
06:46:19 EXPECT Item in СВОБОДНЫЙ ПУЛ after reload
06:46:19 ACTUAL Привет, Audit! | Планы | Мои тренировки | Сейчас | Завершённые | Текущий план | Курсов в плане нет. Добавьте курс на Главной. | Выбрать курс на Главной | ‹ | Неделя 1 · 5 окт – 11 окт | База | › | Текущая неделя · 0 из 1 | СВОБОДНЫЙ ПУЛ | План-тест | 0/1 | Начать | + Добавить упражнение | Главная | Планы | Журнал | Аналитика | Профиль   OK
06:46:19 TAP "Действия: Текущий план"
06:46:20 TAP "Скопировать неделю 1 → 2"
06:46:21 TAP "Скопировать"
06:46:22 EXPECT Week 2 holds the copy ('Скопировано: 1')
06:46:22 ACTUAL Привет, Audit! | Планы | Мои тренировки | Сейчас | Завершённые | Текущий план | Курсов в плане нет. Добавьте курс на Главной. | Выбрать курс на Главной | ‹ | Неделя 2 · 12 окт – 18 окт | База | › | 0 из 1 | СВОБОДНЫЙ ПУЛ | План-тест | 0/1 | + Добавить упражнение | Скопировано: 1, пропущено дублей: 0 | Главная | Планы | Журнал | Аналитика | Профиль   OK
06:46:22 RELOAD 
06:46:25 TAP "Планы"
06:46:26 EXPECT Current-week indicator 'Текущая неделя' on week 1 after reload
06:46:26 ACTUAL Привет, Audit! | Планы | Мои тренировки | Сейчас | Завершённые | Текущий план | Курсов в плане нет. Добавьте курс на Главной. | Выбрать курс на Главной | ‹ | Неделя 1 · 5 окт – 11 окт | База | › | Текущая неделя · 0 из 1 | СВОБОДНЫЙ ПУЛ | План-тест | 0/1 | Начать | + Добавить упражнение | Главная | Планы | Журнал | Аналитика | Профиль   OK
06:46:26 TAP "Следующая неделя"
06:46:27 EXPECT Week 2 persists with the copied row
06:46:27 ACTUAL Привет, Audit! | Планы | Мои тренировки | Сейчас | Завершённые | Текущий план | Курсов в плане нет. Добавьте курс на Главной. | Выбрать курс на Главной | ‹ | Неделя 2 · 12 окт – 18 окт | База | › | 0 из 1 | СВОБОДНЫЙ ПУЛ | План-тест | 0/1 | + Добавить упражнение | Главная | Планы | Журнал | Аналитика | Профиль   OK
06:46:27 TAP "Следующая неделя"
06:46:28 EXPECT E11 newly created week 3 has an empty state with CTA
06:46:28 ACTUAL Привет, Audit! | Планы | Мои тренировки | Сейчас | Завершённые | Текущий план | Курсов в плане нет. Добавьте курс на Главной. | Выбрать курс на Главной | ‹ | Неделя 3 · 19 окт – 25 окт | База | › | 0 из 0 | На эту неделю пока ничего не запланировано. | + Добавить упражнение | Главная | Планы | Журнал | Аналитика | Профиль   OK
06:46:28 TAP "Предыдущая неделя"
06:46:29 TAP "Предыдущая неделя"
06:46:30 TAP "Действия"
06:46:31 TAP "Убрать из плана"
06:46:32 TAP "Убрать"
06:46:33 RELOAD 
06:46:35 TAP "Главная"
06:46:36 EXPECT Template workout still exists on Home after removal from plan
06:46:36 ACTUAL Привет, Audit! | Что потренируем сегодня? | Главная | Каталог курсов появится здесь позже. | Своя программа | Соберите комплекс из упражнений и протоколов | Мои тренировки | Создать | План-тест | 1 упражнение · 3 × 10 | Подтягивания | Занимались вне приложения? | Добавьте активность в историю | Нажмите  на тренировке, чтобы добавить | Готовы заниматься? | Откройте план дня | Тесты | Максимум, вис, вес — результаты и динамика › | Главная | Планы | Журнал | Аналитика | Профиль   OK
06:46:36 J4 'add program', 'program with no generated PlanItems', 'remove program': BLOCKED BY F-B-FRESH-CLEAN-01 (no programs exist)
06:46:36 SUMMARY FAIL ["F-B-FRESH-CLEAN-02: E1 empty Планы has a CTA that resolves (add program)","F-B-FRESH-CLEAN-03: The workout just added appears in current week"]
