06:39:47 OPEN Mini App (new user)
06:39:47 TAP "Далее"
06:39:48 TAP "Да"
06:39:49 TAP "Продолжить"
06:39:50 TAP "Далее"
06:39:51 TAP "Далее"
06:39:52 TAP "Далее"
06:39:53 TAP "Далее"
06:39:54 TAP "Готово"
06:39:56 EXPECT Home after onboarding (UI onboarding possible)
06:39:56 ACTUAL Привет, Audit! | Что потренируем сегодня? | Главная | Каталог курсов появится здесь позже. | Своя программа | Соберите комплекс из упражнений и протоколов | Мои тренировки | Соберите свою тренировку из упражнений и протоколов. | Создать тренировку | Занимались вне приложения? | Добавьте активность в историю | Нажмите  на тренировке, чтобы добавить | Готовы заниматься? | Откройте план дня | Тесты | Максимум, вис, вес — результаты и динамика › | Главная | Планы | Журнал | Аналитика | Профиль   OK
06:39:56 EXPECT E-home catalogue empty
06:39:56 ACTUAL Привет, Audit! | Что потренируем сегодня? | Главная | Каталог курсов появится здесь позже. | Своя программа | Соберите комплекс из упражнений и протоколов | Мои тренировки | Соберите свою тренировку из упражнений и протоколов. | Создать тренировку | Занимались вне приложения? | Добавьте активность в историю | Нажмите  на тренировке, чтобы добавить | Готовы заниматься? | Откройте план дня | Тесты | Максимум, вис, вес — результаты и динамика › | Главная | Планы | Журнал | Аналитика | Профиль   OK
06:39:56 TAP "Планы"
06:39:57 EXPECT E1 no active plan
06:39:57 ACTUAL Привет, Audit! | Планы | Мои тренировки | Сейчас | Завершённые | Текущий план | Курсов в плане нет. Добавьте курс на Главной. | Выбрать курс на Главной | Главная | Планы | Журнал | Аналитика | Профиль   OK
06:39:57 TAP "Мои тренировки"
06:39:58 EXPECT E3 no personal workouts
06:39:58 ACTUAL Привет, Audit! | Мои тренировки | Создать тренировку | У вас пока нет своих тренировок   OK
06:40:00 TAP "Журнал"
06:40:01 EXPECT E5 no journal
06:40:01 ACTUAL Привет, Audit! | Журнал | + Записать | ‹ | Октябрь 2026 | › | В этом месяце тренировок нет | Главная | Планы | Журнал | Аналитика | Профиль   OK
06:40:01 TAP "Аналитика"
06:40:02 EXPECT E6 no analytics
06:40:02 ACTUAL Привет, Audit! | Аналитика | Тренировки | Программа | Тренировки | Минуты | 1 мес | 3 мес | Свой | 0 | Тренировок за 30 дней | 0 | Активных дней за 30 дней | По типам | За выбранный период нет данных. | Тренировки по неделям | 31.08 | 07.09 | 14.09 | 21.09 | 28.09 | 05.10 | Всего тренировок: 0 · 06.09 – 05.10 | Сводка | Тип	Тренировки	Минуты | Итого	0	0 | Смешанная тренировка делится между категориями поровну по блокам; минуты — по длительности тренировки. | Пока нет завершённых тренировок из «Мои тренировки» — показатели по упражнениям появятся после первой. | Экспорт данных — CSV | Вся история тренировок: по строке на подход, открывается в Excel. | Скачать | Главная | Планы | Журнал | Анал   OK
06:40:02 TAP "Профиль"
06:40:03 EXPECT profile
06:40:03 ACTUAL Привет, Audit! | Профиль | A | Audit | мужской · 34 года | 0 | Тренировок | 1 | Ачивка › | 50 | Монет | Тренировок пока не было. | ЛИЧНЫЕ ДАННЫЕ | ВЕС | : | 78 кг | РОСТ | : | 180 см | Часовой пояс | : | Москва (UTC+3) | Изменить | ТЕСТЫ | Максимум подтягиваний | Ещё не проходили | Вис на перекладине, сек | Ещё не проходили | Подтягивания с весом, кг | Ещё не проходили | Результаты тестов не влияют на прогрессию и стартовый замер. | АККАУНТ | Подписка | : | пробный период (осталось 14 дн., до 19.10.2026) | Справка | : | Как выбрать резину | Мои резины | : | Переименовать или удалить | Разряд ГТО (подтягивание) | Внеси первую тренировку, чтобы узнать свой разряд ГТО. | Разряд WSF (подтягивани   OK
06:40:05 TAP "Тесты"
06:40:06 TAP "Максимум подтягиваний"
06:40:07 EXPECT E7 no assessment results
06:40:07 ACTUAL Привет, Audit! | Максимум подтягиваний | Максимум подтягиваний за один подход: хват сверху, без раскачки, подбородок выше перекладины. Отдохнувший, после разминки. | Результаты тестов не влияют на прогрессию и стартовый замер. | Динамика | Для графика нужно хотя бы два результата. | Сравнение с похожими | Запишите результат, чтобы сравнить себя с похожими. | Записать результат | ДАТА | РЕЗУЛЬТАТ, ПОВТ. | ЗАМЕТКА (НЕОБЯЗАТЕЛЬНО) | Записать результат | История | Ещё не проходили   OK
06:40:09 TAP "Баннер: собрать свой комплекс"
06:40:10 TAP "Создать и добавить упражнения"
06:40:11 EXPECT E12 custom workout with zero exercises (editor)
06:40:11 ACTUAL Привет, Audit! | Редактировать тренировку | НАЗВАНИЕ | УПРАЖНЕНИЯ | Пока пусто. Добавьте первое упражнение и настройте, как его выполнять. | + Добавить упражнение | Добавить в план | Дублировать | Сохранить | Удалить тренировку   OK
06:40:11 TAP "+ Добавить упражнение"
06:40:12 EXPECT E4 empty library picker
06:40:12 ACTUAL Привет, Audit! | Добавить упражнение | Выберите упражнение — на следующем шаге настроите подходы и отдых. Нет нужного? Введите название, и появится «Создать своё». | Ничего не найдено   OK
06:40:13 EXPECT E4b no matching exercise
06:40:13 ACTUAL Привет, Audit! | Добавить упражнение | Выберите упражнение — на следующем шаге настроите подходы и отдых. Нет нужного? Введите название, и появится «Создать своё». | Ничего не найдено | Создать своё: «zzz» | +   OK
06:40:14 TAP "Мои тренировки card"
06:40:15 EXPECT E12 detail (disabled Начать)
06:40:15 ACTUAL Привет, Audit! | Пустая | Своя тренировка | Пока без упражнений | Начать | Записать | Добавить в план | Изменить | Упражнения | В тренировке пока нет упражнений | История | Вы ещё не выполняли эту тренировку   OK
06:40:16 SUMMARY PASS
